<!doctype html public "-//w3c//dtd html 4.0 transitional//en">
<html><head>
<title>Static Call Graph - [.\TEST.axf]</title></head>
<body><HR>
<H1>Static Call Graph for image .\TEST.axf</H1><HR>
<BR><P>#&#060CALLGRAPH&#062# ARM Linker, 5.03 [Build 76]: Last Updated: Mon Jun 15 16:44:16 2015
<BR><P>
<H3>Maximum Stack Usage =        104 bytes + Unknown(Functions without stacksize, Cycles, Untraceable Function Pointers)</H3><H3>
Call chain for Maximum Stack Depth:</H3>
__rt_entry_main &rArr; main &rArr; MB_Poll &rArr; MB_Read_MutiReg &rArr; GetVonvertionValue &rArr; __aeabi_dmul
<P>
<H3>
Functions with no stack information
</H3><UL>
 <LI><a href="#[77]">__user_initial_stackheap</a>
</UL>
</UL>
<P>
<H3>
Mutually Recursive functions
</H3> <LI><a href="#[4]">NMI_Handler</a>&nbsp;&nbsp;&nbsp;&rArr;&nbsp;&nbsp;&nbsp;<a href="#[4]">NMI_Handler</a><BR>
 <LI><a href="#[5]">HardFault_Handler</a>&nbsp;&nbsp;&nbsp;&rArr;&nbsp;&nbsp;&nbsp;<a href="#[5]">HardFault_Handler</a><BR>
 <LI><a href="#[6]">MemManage_Handler</a>&nbsp;&nbsp;&nbsp;&rArr;&nbsp;&nbsp;&nbsp;<a href="#[6]">MemManage_Handler</a><BR>
 <LI><a href="#[7]">BusFault_Handler</a>&nbsp;&nbsp;&nbsp;&rArr;&nbsp;&nbsp;&nbsp;<a href="#[7]">BusFault_Handler</a><BR>
 <LI><a href="#[8]">UsageFault_Handler</a>&nbsp;&nbsp;&nbsp;&rArr;&nbsp;&nbsp;&nbsp;<a href="#[8]">UsageFault_Handler</a><BR>
 <LI><a href="#[9]">SVC_Handler</a>&nbsp;&nbsp;&nbsp;&rArr;&nbsp;&nbsp;&nbsp;<a href="#[9]">SVC_Handler</a><BR>
 <LI><a href="#[a]">DebugMon_Handler</a>&nbsp;&nbsp;&nbsp;&rArr;&nbsp;&nbsp;&nbsp;<a href="#[a]">DebugMon_Handler</a><BR>
 <LI><a href="#[b]">PendSV_Handler</a>&nbsp;&nbsp;&nbsp;&rArr;&nbsp;&nbsp;&nbsp;<a href="#[b]">PendSV_Handler</a><BR>
 <LI><a href="#[c]">SysTick_Handler</a>&nbsp;&nbsp;&nbsp;&rArr;&nbsp;&nbsp;&nbsp;<a href="#[c]">SysTick_Handler</a><BR>
 <LI><a href="#[1f]">ADC_IRQHandler</a>&nbsp;&nbsp;&nbsp;&rArr;&nbsp;&nbsp;&nbsp;<a href="#[1f]">ADC_IRQHandler</a><BR>
</UL>
<P>
<H3>
Function Pointers
</H3><UL>
 <LI><a href="#[1f]">ADC_IRQHandler</a> from stm32f10x.o(.text) referenced from stm32f10x.o(RESET)
 <LI><a href="#[7]">BusFault_Handler</a> from stm32f10x.o(.text) referenced from stm32f10x.o(RESET)
 <LI><a href="#[22]">CAN_RX1_IRQHandler</a> from stm32f10x.o(.text) referenced from stm32f10x.o(RESET)
 <LI><a href="#[23]">CAN_SCE_IRQHandler</a> from stm32f10x.o(.text) referenced from stm32f10x.o(RESET)
 <LI><a href="#[18]">DMAChannel1_IRQHandler</a> from stm32f10x.o(.text) referenced from stm32f10x.o(RESET)
 <LI><a href="#[19]">DMAChannel2_IRQHandler</a> from stm32f10x.o(.text) referenced from stm32f10x.o(RESET)
 <LI><a href="#[1a]">DMAChannel3_IRQHandler</a> from stm32f10x.o(.text) referenced from stm32f10x.o(RESET)
 <LI><a href="#[1b]">DMAChannel4_IRQHandler</a> from stm32f10x.o(.text) referenced from stm32f10x.o(RESET)
 <LI><a href="#[1c]">DMAChannel5_IRQHandler</a> from stm32f10x.o(.text) referenced from stm32f10x.o(RESET)
 <LI><a href="#[1d]">DMAChannel6_IRQHandler</a> from stm32f10x.o(.text) referenced from stm32f10x.o(RESET)
 <LI><a href="#[1e]">DMAChannel7_IRQHandler</a> from stm32f10x.o(.text) referenced from stm32f10x.o(RESET)
 <LI><a href="#[a]">DebugMon_Handler</a> from stm32f10x.o(.text) referenced from stm32f10x.o(RESET)
 <LI><a href="#[13]">EXTI0_IRQHandler</a> from wkup.o(.text) referenced from stm32f10x.o(RESET)
 <LI><a href="#[35]">EXTI15_10_IRQHandler</a> from stm32f10x.o(.text) referenced from stm32f10x.o(RESET)
 <LI><a href="#[14]">EXTI1_IRQHandler</a> from stm32f10x.o(.text) referenced from stm32f10x.o(RESET)
 <LI><a href="#[15]">EXTI2_IRQHandler</a> from stm32f10x.o(.text) referenced from stm32f10x.o(RESET)
 <LI><a href="#[16]">EXTI3_IRQHandler</a> from stm32f10x.o(.text) referenced from stm32f10x.o(RESET)
 <LI><a href="#[17]">EXTI4_IRQHandler</a> from stm32f10x.o(.text) referenced from stm32f10x.o(RESET)
 <LI><a href="#[24]">EXTI9_5_IRQHandler</a> from stm32f10x.o(.text) referenced from stm32f10x.o(RESET)
 <LI><a href="#[11]">FLASH_IRQHandler</a> from stm32f10x.o(.text) referenced from stm32f10x.o(RESET)
 <LI><a href="#[5]">HardFault_Handler</a> from stm32f10x.o(.text) referenced from stm32f10x.o(RESET)
 <LI><a href="#[2d]">I2C1_ER_IRQHandler</a> from stm32f10x.o(.text) referenced from stm32f10x.o(RESET)
 <LI><a href="#[2c]">I2C1_EV_IRQHandler</a> from stm32f10x.o(.text) referenced from stm32f10x.o(RESET)
 <LI><a href="#[2f]">I2C2_ER_IRQHandler</a> from stm32f10x.o(.text) referenced from stm32f10x.o(RESET)
 <LI><a href="#[2e]">I2C2_EV_IRQHandler</a> from stm32f10x.o(.text) referenced from stm32f10x.o(RESET)
 <LI><a href="#[6]">MemManage_Handler</a> from stm32f10x.o(.text) referenced from stm32f10x.o(RESET)
 <LI><a href="#[4]">NMI_Handler</a> from stm32f10x.o(.text) referenced from stm32f10x.o(RESET)
 <LI><a href="#[e]">PVD_IRQHandler</a> from stm32f10x.o(.text) referenced from stm32f10x.o(RESET)
 <LI><a href="#[b]">PendSV_Handler</a> from stm32f10x.o(.text) referenced from stm32f10x.o(RESET)
 <LI><a href="#[12]">RCC_IRQHandler</a> from stm32f10x.o(.text) referenced from stm32f10x.o(RESET)
 <LI><a href="#[36]">RTCAlarm_IRQHandler</a> from stm32f10x.o(.text) referenced from stm32f10x.o(RESET)
 <LI><a href="#[10]">RTC_IRQHandler</a> from rtc.o(.text) referenced from stm32f10x.o(RESET)
 <LI><a href="#[3]">Reset_Handler</a> from stm32f10x.o(.text) referenced from stm32f10x.o(RESET)
 <LI><a href="#[30]">SPI1_IRQHandler</a> from stm32f10x.o(.text) referenced from stm32f10x.o(RESET)
 <LI><a href="#[31]">SPI2_IRQHandler</a> from stm32f10x.o(.text) referenced from stm32f10x.o(RESET)
 <LI><a href="#[9]">SVC_Handler</a> from stm32f10x.o(.text) referenced from stm32f10x.o(RESET)
 <LI><a href="#[c]">SysTick_Handler</a> from stm32f10x.o(.text) referenced from stm32f10x.o(RESET)
 <LI><a href="#[f]">TAMPER_IRQHandler</a> from stm32f10x.o(.text) referenced from stm32f10x.o(RESET)
 <LI><a href="#[25]">TIM1_BRK_IRQHandler</a> from stm32f10x.o(.text) referenced from stm32f10x.o(RESET)
 <LI><a href="#[28]">TIM1_CC_IRQHandler</a> from stm32f10x.o(.text) referenced from stm32f10x.o(RESET)
 <LI><a href="#[27]">TIM1_TRG_COM_IRQHandler</a> from stm32f10x.o(.text) referenced from stm32f10x.o(RESET)
 <LI><a href="#[26]">TIM1_UP_IRQHandler</a> from stm32f10x.o(.text) referenced from stm32f10x.o(RESET)
 <LI><a href="#[29]">TIM2_IRQHandler</a> from stm32f10x.o(.text) referenced from stm32f10x.o(RESET)
 <LI><a href="#[2a]">TIM3_IRQHandler</a> from timer.o(.text) referenced from stm32f10x.o(RESET)
 <LI><a href="#[2b]">TIM4_IRQHandler</a> from stm32f10x.o(.text) referenced from stm32f10x.o(RESET)
 <LI><a href="#[32]">USART1_IRQHandler</a> from stm32f10x.o(.text) referenced from stm32f10x.o(RESET)
 <LI><a href="#[33]">USART2_IRQHandler</a> from stm32f10x.o(.text) referenced from stm32f10x.o(RESET)
 <LI><a href="#[34]">USART3_IRQHandler</a> from usart.o(.text) referenced from stm32f10x.o(RESET)
 <LI><a href="#[37]">USBWakeUp_IRQHandler</a> from stm32f10x.o(.text) referenced from stm32f10x.o(RESET)
 <LI><a href="#[20]">USB_HP_CAN_TX_IRQHandler</a> from stm32f10x.o(.text) referenced from stm32f10x.o(RESET)
 <LI><a href="#[21]">USB_LP_CAN_RX0_IRQHandler</a> from stm32f10x.o(.text) referenced from stm32f10x.o(RESET)
 <LI><a href="#[8]">UsageFault_Handler</a> from stm32f10x.o(.text) referenced from stm32f10x.o(RESET)
 <LI><a href="#[d]">WWDG_IRQHandler</a> from wdg.o(.text) referenced from stm32f10x.o(RESET)
 <LI><a href="#[39]">__main</a> from __main.o(!!!main) referenced from stm32f10x.o(.text)
</UL>
<P>
<H3>
Global Symbols
</H3>
<P><STRONG><a name="[39]"></a>__main</STRONG> (Thumb, 8 bytes, Stack size 0 bytes, __main.o(!!!main))
<BR><BR>[Calls]<UL><LI><a href="#[3b]">&gt;&gt;</a>&nbsp;&nbsp;&nbsp;__rt_entry
<LI><a href="#[3a]">&gt;&gt;</a>&nbsp;&nbsp;&nbsp;__scatterload
</UL>

<P><STRONG><a name="[3a]"></a>__scatterload</STRONG> (Thumb, 0 bytes, Stack size unknown bytes, __scatter.o(!!!scatter))
<BR><BR>[Called By]<UL><LI><a href="#[39]">&gt;&gt;</a>&nbsp;&nbsp;&nbsp;__main
</UL>

<P><STRONG><a name="[3c]"></a>__scatterload_rt2</STRONG> (Thumb, 44 bytes, Stack size unknown bytes, __scatter.o(!!!scatter), UNUSED)
<BR><BR>[Calls]<UL><LI><a href="#[3b]">&gt;&gt;</a>&nbsp;&nbsp;&nbsp;__rt_entry
</UL>

<P><STRONG><a name="[87]"></a>__scatterload_rt2_thumb_only</STRONG> (Thumb, 0 bytes, Stack size unknown bytes, __scatter.o(!!!scatter), UNUSED)

<P><STRONG><a name="[88]"></a>__scatterload_null</STRONG> (Thumb, 0 bytes, Stack size unknown bytes, __scatter.o(!!!scatter), UNUSED)

<P><STRONG><a name="[3d]"></a>__scatterload_copy</STRONG> (Thumb, 26 bytes, Stack size unknown bytes, __scatter_copy.o(!!handler_copy), UNUSED)
<BR><BR>[Calls]<UL><LI><a href="#[3d]">&gt;&gt;</a>&nbsp;&nbsp;&nbsp;__scatterload_copy
</UL>
<BR>[Called By]<UL><LI><a href="#[3d]">&gt;&gt;</a>&nbsp;&nbsp;&nbsp;__scatterload_copy
</UL>

<P><STRONG><a name="[89]"></a>__scatterload_zeroinit</STRONG> (Thumb, 28 bytes, Stack size unknown bytes, __scatter_zi.o(!!handler_zi), UNUSED)

<P><STRONG><a name="[41]"></a>__rt_lib_init</STRONG> (Thumb, 0 bytes, Stack size unknown bytes, libinit.o(.ARM.Collect$$libinit$$00000000))
<BR><BR>[Called By]<UL><LI><a href="#[40]">&gt;&gt;</a>&nbsp;&nbsp;&nbsp;__rt_entry_li
</UL>

<P><STRONG><a name="[8a]"></a>__rt_lib_init_alloca_1</STRONG> (Thumb, 0 bytes, Stack size unknown bytes, libinit2.o(.ARM.Collect$$libinit$$0000002C))

<P><STRONG><a name="[8b]"></a>__rt_lib_init_argv_1</STRONG> (Thumb, 0 bytes, Stack size unknown bytes, libinit2.o(.ARM.Collect$$libinit$$0000002A))

<P><STRONG><a name="[8c]"></a>__rt_lib_init_atexit_1</STRONG> (Thumb, 0 bytes, Stack size unknown bytes, libinit2.o(.ARM.Collect$$libinit$$00000019))

<P><STRONG><a name="[8d]"></a>__rt_lib_init_clock_1</STRONG> (Thumb, 0 bytes, Stack size unknown bytes, libinit2.o(.ARM.Collect$$libinit$$0000001F))

<P><STRONG><a name="[8e]"></a>__rt_lib_init_cpp_1</STRONG> (Thumb, 0 bytes, Stack size unknown bytes, libinit2.o(.ARM.Collect$$libinit$$00000030))

<P><STRONG><a name="[8f]"></a>__rt_lib_init_exceptions_1</STRONG> (Thumb, 0 bytes, Stack size unknown bytes, libinit2.o(.ARM.Collect$$libinit$$0000002E))

<P><STRONG><a name="[90]"></a>__rt_lib_init_fp_1</STRONG> (Thumb, 0 bytes, Stack size unknown bytes, libinit2.o(.ARM.Collect$$libinit$$00000002))

<P><STRONG><a name="[91]"></a>__rt_lib_init_fp_trap_1</STRONG> (Thumb, 0 bytes, Stack size unknown bytes, libinit2.o(.ARM.Collect$$libinit$$0000001D))

<P><STRONG><a name="[92]"></a>__rt_lib_init_getenv_1</STRONG> (Thumb, 0 bytes, Stack size unknown bytes, libinit2.o(.ARM.Collect$$libinit$$00000021))

<P><STRONG><a name="[93]"></a>__rt_lib_init_heap_1</STRONG> (Thumb, 0 bytes, Stack size unknown bytes, libinit2.o(.ARM.Collect$$libinit$$00000008))

<P><STRONG><a name="[94]"></a>__rt_lib_init_lc_collate_1</STRONG> (Thumb, 0 bytes, Stack size unknown bytes, libinit2.o(.ARM.Collect$$libinit$$0000000F))

<P><STRONG><a name="[95]"></a>__rt_lib_init_lc_ctype_1</STRONG> (Thumb, 0 bytes, Stack size unknown bytes, libinit2.o(.ARM.Collect$$libinit$$00000011))

<P><STRONG><a name="[96]"></a>__rt_lib_init_lc_monetary_1</STRONG> (Thumb, 0 bytes, Stack size unknown bytes, libinit2.o(.ARM.Collect$$libinit$$00000013))

<P><STRONG><a name="[97]"></a>__rt_lib_init_lc_numeric_1</STRONG> (Thumb, 0 bytes, Stack size unknown bytes, libinit2.o(.ARM.Collect$$libinit$$00000015))

<P><STRONG><a name="[98]"></a>__rt_lib_init_lc_time_1</STRONG> (Thumb, 0 bytes, Stack size unknown bytes, libinit2.o(.ARM.Collect$$libinit$$00000017))

<P><STRONG><a name="[99]"></a>__rt_lib_init_rand_1</STRONG> (Thumb, 0 bytes, Stack size unknown bytes, libinit2.o(.ARM.Collect$$libinit$$0000000C))

<P><STRONG><a name="[9a]"></a>__rt_lib_init_return</STRONG> (Thumb, 0 bytes, Stack size unknown bytes, libinit2.o(.ARM.Collect$$libinit$$00000031))

<P><STRONG><a name="[9b]"></a>__rt_lib_init_signal_1</STRONG> (Thumb, 0 bytes, Stack size unknown bytes, libinit2.o(.ARM.Collect$$libinit$$0000001B))

<P><STRONG><a name="[9c]"></a>__rt_lib_init_stdio_1</STRONG> (Thumb, 0 bytes, Stack size unknown bytes, libinit2.o(.ARM.Collect$$libinit$$00000023))

<P><STRONG><a name="[9d]"></a>__rt_lib_init_user_alloc_1</STRONG> (Thumb, 0 bytes, Stack size unknown bytes, libinit2.o(.ARM.Collect$$libinit$$0000000A))

<P><STRONG><a name="[46]"></a>__rt_lib_shutdown</STRONG> (Thumb, 0 bytes, Stack size unknown bytes, libshutdown.o(.ARM.Collect$$libshutdown$$00000000))
<BR><BR>[Called By]<UL><LI><a href="#[45]">&gt;&gt;</a>&nbsp;&nbsp;&nbsp;__rt_exit_ls
</UL>

<P><STRONG><a name="[9e]"></a>__rt_lib_shutdown_fp_trap_1</STRONG> (Thumb, 0 bytes, Stack size unknown bytes, libshutdown2.o(.ARM.Collect$$libshutdown$$00000006))

<P><STRONG><a name="[9f]"></a>__rt_lib_shutdown_heap_1</STRONG> (Thumb, 0 bytes, Stack size unknown bytes, libshutdown2.o(.ARM.Collect$$libshutdown$$0000000E))

<P><STRONG><a name="[a0]"></a>__rt_lib_shutdown_return</STRONG> (Thumb, 0 bytes, Stack size unknown bytes, libshutdown2.o(.ARM.Collect$$libshutdown$$0000000F))

<P><STRONG><a name="[a1]"></a>__rt_lib_shutdown_signal_1</STRONG> (Thumb, 0 bytes, Stack size unknown bytes, libshutdown2.o(.ARM.Collect$$libshutdown$$00000009))

<P><STRONG><a name="[a2]"></a>__rt_lib_shutdown_stdio_1</STRONG> (Thumb, 0 bytes, Stack size unknown bytes, libshutdown2.o(.ARM.Collect$$libshutdown$$00000003))

<P><STRONG><a name="[a3]"></a>__rt_lib_shutdown_user_alloc_1</STRONG> (Thumb, 0 bytes, Stack size unknown bytes, libshutdown2.o(.ARM.Collect$$libshutdown$$0000000B))

<P><STRONG><a name="[3b]"></a>__rt_entry</STRONG> (Thumb, 0 bytes, Stack size unknown bytes, rtentry.o(.ARM.Collect$$rtentry$$00000000))
<BR><BR>[Called By]<UL><LI><a href="#[39]">&gt;&gt;</a>&nbsp;&nbsp;&nbsp;__main
<LI><a href="#[3c]">&gt;&gt;</a>&nbsp;&nbsp;&nbsp;__scatterload_rt2
</UL>

<P><STRONG><a name="[a4]"></a>__rt_entry_presh_1</STRONG> (Thumb, 0 bytes, Stack size unknown bytes, rtentry2.o(.ARM.Collect$$rtentry$$00000002))

<P><STRONG><a name="[3e]"></a>__rt_entry_sh</STRONG> (Thumb, 0 bytes, Stack size unknown bytes, rtentry4.o(.ARM.Collect$$rtentry$$00000004))
<BR><BR>[Stack]<UL><LI>Max Depth = 8 + Unknown Stack Size
<LI>Call Chain = __rt_entry_sh &rArr; __user_setup_stackheap
</UL>
<BR>[Calls]<UL><LI><a href="#[3f]">&gt;&gt;</a>&nbsp;&nbsp;&nbsp;__user_setup_stackheap
</UL>

<P><STRONG><a name="[40]"></a>__rt_entry_li</STRONG> (Thumb, 0 bytes, Stack size unknown bytes, rtentry2.o(.ARM.Collect$$rtentry$$0000000A))
<BR><BR>[Calls]<UL><LI><a href="#[41]">&gt;&gt;</a>&nbsp;&nbsp;&nbsp;__rt_lib_init
</UL>

<P><STRONG><a name="[a5]"></a>__rt_entry_postsh_1</STRONG> (Thumb, 0 bytes, Stack size unknown bytes, rtentry2.o(.ARM.Collect$$rtentry$$00000009))

<P><STRONG><a name="[42]"></a>__rt_entry_main</STRONG> (Thumb, 0 bytes, Stack size unknown bytes, rtentry2.o(.ARM.Collect$$rtentry$$0000000D))
<BR><BR>[Stack]<UL><LI>Max Depth = 104 + Unknown Stack Size
<LI>Call Chain = __rt_entry_main &rArr; main &rArr; MB_Poll &rArr; MB_Read_MutiReg &rArr; GetVonvertionValue &rArr; __aeabi_dmul
</UL>
<BR>[Calls]<UL><LI><a href="#[44]">&gt;&gt;</a>&nbsp;&nbsp;&nbsp;exit
<LI><a href="#[43]">&gt;&gt;</a>&nbsp;&nbsp;&nbsp;main
</UL>

<P><STRONG><a name="[a6]"></a>__rt_entry_postli_1</STRONG> (Thumb, 0 bytes, Stack size unknown bytes, rtentry2.o(.ARM.Collect$$rtentry$$0000000C))

<P><STRONG><a name="[78]"></a>__rt_exit</STRONG> (Thumb, 0 bytes, Stack size unknown bytes, rtexit.o(.ARM.Collect$$rtexit$$00000000))
<BR><BR>[Called By]<UL><LI><a href="#[44]">&gt;&gt;</a>&nbsp;&nbsp;&nbsp;exit
</UL>

<P><STRONG><a name="[45]"></a>__rt_exit_ls</STRONG> (Thumb, 0 bytes, Stack size unknown bytes, rtexit2.o(.ARM.Collect$$rtexit$$00000003))
<BR><BR>[Calls]<UL><LI><a href="#[46]">&gt;&gt;</a>&nbsp;&nbsp;&nbsp;__rt_lib_shutdown
</UL>

<P><STRONG><a name="[a7]"></a>__rt_exit_prels_1</STRONG> (Thumb, 0 bytes, Stack size unknown bytes, rtexit2.o(.ARM.Collect$$rtexit$$00000002))

<P><STRONG><a name="[47]"></a>__rt_exit_exit</STRONG> (Thumb, 0 bytes, Stack size unknown bytes, rtexit2.o(.ARM.Collect$$rtexit$$00000004))
<BR><BR>[Calls]<UL><LI><a href="#[48]">&gt;&gt;</a>&nbsp;&nbsp;&nbsp;_sys_exit
</UL>

<P><STRONG><a name="[62]"></a>WFI_SET</STRONG> (Thumb, 2 bytes, Stack size 0 bytes, sys.o(.emb_text))
<BR><BR>[Called By]<UL><LI><a href="#[61]">&gt;&gt;</a>&nbsp;&nbsp;&nbsp;Sys_Standby
</UL>

<P><STRONG><a name="[3]"></a>Reset_Handler</STRONG> (Thumb, 4 bytes, Stack size 0 bytes, stm32f10x.o(.text))
<BR>[Address Reference Count : 1]<UL><LI> stm32f10x.o(RESET)
</UL>
<P><STRONG><a name="[4]"></a>NMI_Handler</STRONG> (Thumb, 2 bytes, Stack size 0 bytes, stm32f10x.o(.text))
<BR><BR>[Calls]<UL><LI><a href="#[4]">&gt;&gt;</a>&nbsp;&nbsp;&nbsp;NMI_Handler
</UL>
<BR>[Called By]<UL><LI><a href="#[4]">&gt;&gt;</a>&nbsp;&nbsp;&nbsp;NMI_Handler
</UL>
<BR>[Address Reference Count : 1]<UL><LI> stm32f10x.o(RESET)
</UL>
<P><STRONG><a name="[5]"></a>HardFault_Handler</STRONG> (Thumb, 2 bytes, Stack size 0 bytes, stm32f10x.o(.text))
<BR><BR>[Calls]<UL><LI><a href="#[5]">&gt;&gt;</a>&nbsp;&nbsp;&nbsp;HardFault_Handler
</UL>
<BR>[Called By]<UL><LI><a href="#[5]">&gt;&gt;</a>&nbsp;&nbsp;&nbsp;HardFault_Handler
</UL>
<BR>[Address Reference Count : 1]<UL><LI> stm32f10x.o(RESET)
</UL>
<P><STRONG><a name="[6]"></a>MemManage_Handler</STRONG> (Thumb, 2 bytes, Stack size 0 bytes, stm32f10x.o(.text))
<BR><BR>[Calls]<UL><LI><a href="#[6]">&gt;&gt;</a>&nbsp;&nbsp;&nbsp;MemManage_Handler
</UL>
<BR>[Called By]<UL><LI><a href="#[6]">&gt;&gt;</a>&nbsp;&nbsp;&nbsp;MemManage_Handler
</UL>
<BR>[Address Reference Count : 1]<UL><LI> stm32f10x.o(RESET)
</UL>
<P><STRONG><a name="[7]"></a>BusFault_Handler</STRONG> (Thumb, 2 bytes, Stack size 0 bytes, stm32f10x.o(.text))
<BR><BR>[Calls]<UL><LI><a href="#[7]">&gt;&gt;</a>&nbsp;&nbsp;&nbsp;BusFault_Handler
</UL>
<BR>[Called By]<UL><LI><a href="#[7]">&gt;&gt;</a>&nbsp;&nbsp;&nbsp;BusFault_Handler
</UL>
<BR>[Address Reference Count : 1]<UL><LI> stm32f10x.o(RESET)
</UL>
<P><STRONG><a name="[8]"></a>UsageFault_Handler</STRONG> (Thumb, 2 bytes, Stack size 0 bytes, stm32f10x.o(.text))
<BR><BR>[Calls]<UL><LI><a href="#[8]">&gt;&gt;</a>&nbsp;&nbsp;&nbsp;UsageFault_Handler
</UL>
<BR>[Called By]<UL><LI><a href="#[8]">&gt;&gt;</a>&nbsp;&nbsp;&nbsp;UsageFault_Handler
</UL>
<BR>[Address Reference Count : 1]<UL><LI> stm32f10x.o(RESET)
</UL>
<P><STRONG><a name="[9]"></a>SVC_Handler</STRONG> (Thumb, 2 bytes, Stack size 0 bytes, stm32f10x.o(.text))
<BR><BR>[Calls]<UL><LI><a href="#[9]">&gt;&gt;</a>&nbsp;&nbsp;&nbsp;SVC_Handler
</UL>
<BR>[Called By]<UL><LI><a href="#[9]">&gt;&gt;</a>&nbsp;&nbsp;&nbsp;SVC_Handler
</UL>
<BR>[Address Reference Count : 1]<UL><LI> stm32f10x.o(RESET)
</UL>
<P><STRONG><a name="[a]"></a>DebugMon_Handler</STRONG> (Thumb, 2 bytes, Stack size 0 bytes, stm32f10x.o(.text))
<BR><BR>[Calls]<UL><LI><a href="#[a]">&gt;&gt;</a>&nbsp;&nbsp;&nbsp;DebugMon_Handler
</UL>
<BR>[Called By]<UL><LI><a href="#[a]">&gt;&gt;</a>&nbsp;&nbsp;&nbsp;DebugMon_Handler
</UL>
<BR>[Address Reference Count : 1]<UL><LI> stm32f10x.o(RESET)
</UL>
<P><STRONG><a name="[b]"></a>PendSV_Handler</STRONG> (Thumb, 2 bytes, Stack size 0 bytes, stm32f10x.o(.text))
<BR><BR>[Calls]<UL><LI><a href="#[b]">&gt;&gt;</a>&nbsp;&nbsp;&nbsp;PendSV_Handler
</UL>
<BR>[Called By]<UL><LI><a href="#[b]">&gt;&gt;</a>&nbsp;&nbsp;&nbsp;PendSV_Handler
</UL>
<BR>[Address Reference Count : 1]<UL><LI> stm32f10x.o(RESET)
</UL>
<P><STRONG><a name="[c]"></a>SysTick_Handler</STRONG> (Thumb, 2 bytes, Stack size 0 bytes, stm32f10x.o(.text))
<BR><BR>[Calls]<UL><LI><a href="#[c]">&gt;&gt;</a>&nbsp;&nbsp;&nbsp;SysTick_Handler
</UL>
<BR>[Called By]<UL><LI><a href="#[c]">&gt;&gt;</a>&nbsp;&nbsp;&nbsp;SysTick_Handler
</UL>
<BR>[Address Reference Count : 1]<UL><LI> stm32f10x.o(RESET)
</UL>
<P><STRONG><a name="[1f]"></a>ADC_IRQHandler</STRONG> (Thumb, 0 bytes, Stack size 0 bytes, stm32f10x.o(.text))
<BR><BR>[Calls]<UL><LI><a href="#[1f]">&gt;&gt;</a>&nbsp;&nbsp;&nbsp;ADC_IRQHandler
</UL>
<BR>[Called By]<UL><LI><a href="#[1f]">&gt;&gt;</a>&nbsp;&nbsp;&nbsp;ADC_IRQHandler
</UL>
<BR>[Address Reference Count : 1]<UL><LI> stm32f10x.o(RESET)
</UL>
<P><STRONG><a name="[22]"></a>CAN_RX1_IRQHandler</STRONG> (Thumb, 0 bytes, Stack size 0 bytes, stm32f10x.o(.text))
<BR>[Address Reference Count : 1]<UL><LI> stm32f10x.o(RESET)
</UL>
<P><STRONG><a name="[23]"></a>CAN_SCE_IRQHandler</STRONG> (Thumb, 0 bytes, Stack size 0 bytes, stm32f10x.o(.text))
<BR>[Address Reference Count : 1]<UL><LI> stm32f10x.o(RESET)
</UL>
<P><STRONG><a name="[18]"></a>DMAChannel1_IRQHandler</STRONG> (Thumb, 0 bytes, Stack size 0 bytes, stm32f10x.o(.text))
<BR>[Address Reference Count : 1]<UL><LI> stm32f10x.o(RESET)
</UL>
<P><STRONG><a name="[19]"></a>DMAChannel2_IRQHandler</STRONG> (Thumb, 0 bytes, Stack size 0 bytes, stm32f10x.o(.text))
<BR>[Address Reference Count : 1]<UL><LI> stm32f10x.o(RESET)
</UL>
<P><STRONG><a name="[1a]"></a>DMAChannel3_IRQHandler</STRONG> (Thumb, 0 bytes, Stack size 0 bytes, stm32f10x.o(.text))
<BR>[Address Reference Count : 1]<UL><LI> stm32f10x.o(RESET)
</UL>
<P><STRONG><a name="[1b]"></a>DMAChannel4_IRQHandler</STRONG> (Thumb, 0 bytes, Stack size 0 bytes, stm32f10x.o(.text))
<BR>[Address Reference Count : 1]<UL><LI> stm32f10x.o(RESET)
</UL>
<P><STRONG><a name="[1c]"></a>DMAChannel5_IRQHandler</STRONG> (Thumb, 0 bytes, Stack size 0 bytes, stm32f10x.o(.text))
<BR>[Address Reference Count : 1]<UL><LI> stm32f10x.o(RESET)
</UL>
<P><STRONG><a name="[1d]"></a>DMAChannel6_IRQHandler</STRONG> (Thumb, 0 bytes, Stack size 0 bytes, stm32f10x.o(.text))
<BR>[Address Reference Count : 1]<UL><LI> stm32f10x.o(RESET)
</UL>
<P><STRONG><a name="[1e]"></a>DMAChannel7_IRQHandler</STRONG> (Thumb, 0 bytes, Stack size 0 bytes, stm32f10x.o(.text))
<BR>[Address Reference Count : 1]<UL><LI> stm32f10x.o(RESET)
</UL>
<P><STRONG><a name="[35]"></a>EXTI15_10_IRQHandler</STRONG> (Thumb, 0 bytes, Stack size 0 bytes, stm32f10x.o(.text))
<BR>[Address Reference Count : 1]<UL><LI> stm32f10x.o(RESET)
</UL>
<P><STRONG><a name="[14]"></a>EXTI1_IRQHandler</STRONG> (Thumb, 0 bytes, Stack size 0 bytes, stm32f10x.o(.text))
<BR>[Address Reference Count : 1]<UL><LI> stm32f10x.o(RESET)
</UL>
<P><STRONG><a name="[15]"></a>EXTI2_IRQHandler</STRONG> (Thumb, 0 bytes, Stack size 0 bytes, stm32f10x.o(.text))
<BR>[Address Reference Count : 1]<UL><LI> stm32f10x.o(RESET)
</UL>
<P><STRONG><a name="[16]"></a>EXTI3_IRQHandler</STRONG> (Thumb, 0 bytes, Stack size 0 bytes, stm32f10x.o(.text))
<BR>[Address Reference Count : 1]<UL><LI> stm32f10x.o(RESET)
</UL>
<P><STRONG><a name="[17]"></a>EXTI4_IRQHandler</STRONG> (Thumb, 0 bytes, Stack size 0 bytes, stm32f10x.o(.text))
<BR>[Address Reference Count : 1]<UL><LI> stm32f10x.o(RESET)
</UL>
<P><STRONG><a name="[24]"></a>EXTI9_5_IRQHandler</STRONG> (Thumb, 0 bytes, Stack size 0 bytes, stm32f10x.o(.text))
<BR>[Address Reference Count : 1]<UL><LI> stm32f10x.o(RESET)
</UL>
<P><STRONG><a name="[11]"></a>FLASH_IRQHandler</STRONG> (Thumb, 0 bytes, Stack size 0 bytes, stm32f10x.o(.text))
<BR>[Address Reference Count : 1]<UL><LI> stm32f10x.o(RESET)
</UL>
<P><STRONG><a name="[2d]"></a>I2C1_ER_IRQHandler</STRONG> (Thumb, 0 bytes, Stack size 0 bytes, stm32f10x.o(.text))
<BR>[Address Reference Count : 1]<UL><LI> stm32f10x.o(RESET)
</UL>
<P><STRONG><a name="[2c]"></a>I2C1_EV_IRQHandler</STRONG> (Thumb, 0 bytes, Stack size 0 bytes, stm32f10x.o(.text))
<BR>[Address Reference Count : 1]<UL><LI> stm32f10x.o(RESET)
</UL>
<P><STRONG><a name="[2f]"></a>I2C2_ER_IRQHandler</STRONG> (Thumb, 0 bytes, Stack size 0 bytes, stm32f10x.o(.text))
<BR>[Address Reference Count : 1]<UL><LI> stm32f10x.o(RESET)
</UL>
<P><STRONG><a name="[2e]"></a>I2C2_EV_IRQHandler</STRONG> (Thumb, 0 bytes, Stack size 0 bytes, stm32f10x.o(.text))
<BR>[Address Reference Count : 1]<UL><LI> stm32f10x.o(RESET)
</UL>
<P><STRONG><a name="[e]"></a>PVD_IRQHandler</STRONG> (Thumb, 0 bytes, Stack size 0 bytes, stm32f10x.o(.text))
<BR>[Address Reference Count : 1]<UL><LI> stm32f10x.o(RESET)
</UL>
<P><STRONG><a name="[12]"></a>RCC_IRQHandler</STRONG> (Thumb, 0 bytes, Stack size 0 bytes, stm32f10x.o(.text))
<BR>[Address Reference Count : 1]<UL><LI> stm32f10x.o(RESET)
</UL>
<P><STRONG><a name="[36]"></a>RTCAlarm_IRQHandler</STRONG> (Thumb, 0 bytes, Stack size 0 bytes, stm32f10x.o(.text))
<BR>[Address Reference Count : 1]<UL><LI> stm32f10x.o(RESET)
</UL>
<P><STRONG><a name="[30]"></a>SPI1_IRQHandler</STRONG> (Thumb, 0 bytes, Stack size 0 bytes, stm32f10x.o(.text))
<BR>[Address Reference Count : 1]<UL><LI> stm32f10x.o(RESET)
</UL>
<P><STRONG><a name="[31]"></a>SPI2_IRQHandler</STRONG> (Thumb, 0 bytes, Stack size 0 bytes, stm32f10x.o(.text))
<BR>[Address Reference Count : 1]<UL><LI> stm32f10x.o(RESET)
</UL>
<P><STRONG><a name="[f]"></a>TAMPER_IRQHandler</STRONG> (Thumb, 0 bytes, Stack size 0 bytes, stm32f10x.o(.text))
<BR>[Address Reference Count : 1]<UL><LI> stm32f10x.o(RESET)
</UL>
<P><STRONG><a name="[25]"></a>TIM1_BRK_IRQHandler</STRONG> (Thumb, 0 bytes, Stack size 0 bytes, stm32f10x.o(.text))
<BR>[Address Reference Count : 1]<UL><LI> stm32f10x.o(RESET)
</UL>
<P><STRONG><a name="[28]"></a>TIM1_CC_IRQHandler</STRONG> (Thumb, 0 bytes, Stack size 0 bytes, stm32f10x.o(.text))
<BR>[Address Reference Count : 1]<UL><LI> stm32f10x.o(RESET)
</UL>
<P><STRONG><a name="[27]"></a>TIM1_TRG_COM_IRQHandler</STRONG> (Thumb, 0 bytes, Stack size 0 bytes, stm32f10x.o(.text))
<BR>[Address Reference Count : 1]<UL><LI> stm32f10x.o(RESET)
</UL>
<P><STRONG><a name="[26]"></a>TIM1_UP_IRQHandler</STRONG> (Thumb, 0 bytes, Stack size 0 bytes, stm32f10x.o(.text))
<BR>[Address Reference Count : 1]<UL><LI> stm32f10x.o(RESET)
</UL>
<P><STRONG><a name="[29]"></a>TIM2_IRQHandler</STRONG> (Thumb, 0 bytes, Stack size 0 bytes, stm32f10x.o(.text))
<BR>[Address Reference Count : 1]<UL><LI> stm32f10x.o(RESET)
</UL>
<P><STRONG><a name="[2b]"></a>TIM4_IRQHandler</STRONG> (Thumb, 0 bytes, Stack size 0 bytes, stm32f10x.o(.text))
<BR>[Address Reference Count : 1]<UL><LI> stm32f10x.o(RESET)
</UL>
<P><STRONG><a name="[32]"></a>USART1_IRQHandler</STRONG> (Thumb, 0 bytes, Stack size 0 bytes, stm32f10x.o(.text))
<BR>[Address Reference Count : 1]<UL><LI> stm32f10x.o(RESET)
</UL>
<P><STRONG><a name="[33]"></a>USART2_IRQHandler</STRONG> (Thumb, 0 bytes, Stack size 0 bytes, stm32f10x.o(.text))
<BR>[Address Reference Count : 1]<UL><LI> stm32f10x.o(RESET)
</UL>
<P><STRONG><a name="[37]"></a>USBWakeUp_IRQHandler</STRONG> (Thumb, 0 bytes, Stack size 0 bytes, stm32f10x.o(.text))
<BR>[Address Reference Count : 1]<UL><LI> stm32f10x.o(RESET)
</UL>
<P><STRONG><a name="[20]"></a>USB_HP_CAN_TX_IRQHandler</STRONG> (Thumb, 0 bytes, Stack size 0 bytes, stm32f10x.o(.text))
<BR>[Address Reference Count : 1]<UL><LI> stm32f10x.o(RESET)
</UL>
<P><STRONG><a name="[21]"></a>USB_LP_CAN_RX0_IRQHandler</STRONG> (Thumb, 0 bytes, Stack size 0 bytes, stm32f10x.o(.text))
<BR>[Address Reference Count : 1]<UL><LI> stm32f10x.o(RESET)
</UL>
<P><STRONG><a name="[77]"></a>__user_initial_stackheap</STRONG> (Thumb, 0 bytes, Stack size unknown bytes, stm32f10x.o(.text))
<BR><BR>[Called By]<UL><LI><a href="#[3f]">&gt;&gt;</a>&nbsp;&nbsp;&nbsp;__user_setup_stackheap
</UL>

<P><STRONG><a name="[43]"></a>main</STRONG> (Thumb, 42 bytes, Stack size 0 bytes, test.o(.text))
<BR><BR>[Stack]<UL><LI>Max Depth = 104<LI>Call Chain = main &rArr; MB_Poll &rArr; MB_Read_MutiReg &rArr; GetVonvertionValue &rArr; __aeabi_dmul
</UL>
<BR>[Calls]<UL><LI><a href="#[4b]">&gt;&gt;</a>&nbsp;&nbsp;&nbsp;uart_init
<LI><a href="#[4a]">&gt;&gt;</a>&nbsp;&nbsp;&nbsp;delay_init
<LI><a href="#[49]">&gt;&gt;</a>&nbsp;&nbsp;&nbsp;Stm32_Clock_Init
<LI><a href="#[4f]">&gt;&gt;</a>&nbsp;&nbsp;&nbsp;MB_Poll
<LI><a href="#[4e]">&gt;&gt;</a>&nbsp;&nbsp;&nbsp;MB_Init
<LI><a href="#[4c]">&gt;&gt;</a>&nbsp;&nbsp;&nbsp;LED_Init
<LI><a href="#[4d]">&gt;&gt;</a>&nbsp;&nbsp;&nbsp;Adc_Init
</UL>
<BR>[Called By]<UL><LI><a href="#[42]">&gt;&gt;</a>&nbsp;&nbsp;&nbsp;__rt_entry_main
</UL>

<P><STRONG><a name="[4e]"></a>MB_Init</STRONG> (Thumb, 76 bytes, Stack size 8 bytes, modbus.o(.text))
<BR><BR>[Stack]<UL><LI>Max Depth = 56<LI>Call Chain = MB_Init &rArr; Timerx_Init &rArr; MY_NVIC_Init
</UL>
<BR>[Calls]<UL><LI><a href="#[50]">&gt;&gt;</a>&nbsp;&nbsp;&nbsp;Timerx_Init
</UL>
<BR>[Called By]<UL><LI><a href="#[43]">&gt;&gt;</a>&nbsp;&nbsp;&nbsp;main
</UL>

<P><STRONG><a name="[55]"></a>getCRC16</STRONG> (Thumb, 62 bytes, Stack size 12 bytes, modbus.o(.text))
<BR><BR>[Stack]<UL><LI>Max Depth = 12<LI>Call Chain = getCRC16
</UL>
<BR>[Called By]<UL><LI><a href="#[5b]">&gt;&gt;</a>&nbsp;&nbsp;&nbsp;MB_Read_MutiReg
<LI><a href="#[53]">&gt;&gt;</a>&nbsp;&nbsp;&nbsp;MB_Write_SingleReg
<LI><a href="#[4f]">&gt;&gt;</a>&nbsp;&nbsp;&nbsp;MB_Poll
</UL>

<P><STRONG><a name="[5c]"></a>flush_revBuff</STRONG> (Thumb, 20 bytes, Stack size 0 bytes, modbus.o(.text))
<BR><BR>[Called By]<UL><LI><a href="#[4f]">&gt;&gt;</a>&nbsp;&nbsp;&nbsp;MB_Poll
</UL>

<P><STRONG><a name="[54]"></a>flush_sendBuff</STRONG> (Thumb, 20 bytes, Stack size 0 bytes, modbus.o(.text))
<BR><BR>[Called By]<UL><LI><a href="#[5b]">&gt;&gt;</a>&nbsp;&nbsp;&nbsp;MB_Read_MutiReg
<LI><a href="#[53]">&gt;&gt;</a>&nbsp;&nbsp;&nbsp;MB_Write_SingleReg
</UL>

<P><STRONG><a name="[51]"></a>MB_Reply</STRONG> (Thumb, 58 bytes, Stack size 16 bytes, modbus.o(.text))
<BR><BR>[Stack]<UL><LI>Max Depth = 16<LI>Call Chain = MB_Reply
</UL>
<BR>[Calls]<UL><LI><a href="#[52]">&gt;&gt;</a>&nbsp;&nbsp;&nbsp;uart_send_char
</UL>
<BR>[Called By]<UL><LI><a href="#[5b]">&gt;&gt;</a>&nbsp;&nbsp;&nbsp;MB_Read_MutiReg
<LI><a href="#[53]">&gt;&gt;</a>&nbsp;&nbsp;&nbsp;MB_Write_SingleReg
</UL>

<P><STRONG><a name="[53]"></a>MB_Write_SingleReg</STRONG> (Thumb, 130 bytes, Stack size 24 bytes, modbus.o(.text))
<BR><BR>[Stack]<UL><LI>Max Depth = 40<LI>Call Chain = MB_Write_SingleReg &rArr; MB_Reply
</UL>
<BR>[Calls]<UL><LI><a href="#[52]">&gt;&gt;</a>&nbsp;&nbsp;&nbsp;uart_send_char
<LI><a href="#[51]">&gt;&gt;</a>&nbsp;&nbsp;&nbsp;MB_Reply
<LI><a href="#[54]">&gt;&gt;</a>&nbsp;&nbsp;&nbsp;flush_sendBuff
<LI><a href="#[55]">&gt;&gt;</a>&nbsp;&nbsp;&nbsp;getCRC16
</UL>
<BR>[Called By]<UL><LI><a href="#[4f]">&gt;&gt;</a>&nbsp;&nbsp;&nbsp;MB_Poll
</UL>

<P><STRONG><a name="[56]"></a>GetVonvertionValue</STRONG> (Thumb, 64 bytes, Stack size 24 bytes, modbus.o(.text))
<BR><BR>[Stack]<UL><LI>Max Depth = 56<LI>Call Chain = GetVonvertionValue &rArr; __aeabi_dmul
</UL>
<BR>[Calls]<UL><LI><a href="#[59]">&gt;&gt;</a>&nbsp;&nbsp;&nbsp;__aeabi_dmul
<LI><a href="#[58]">&gt;&gt;</a>&nbsp;&nbsp;&nbsp;__aeabi_ui2d
<LI><a href="#[5a]">&gt;&gt;</a>&nbsp;&nbsp;&nbsp;__aeabi_d2uiz
<LI><a href="#[57]">&gt;&gt;</a>&nbsp;&nbsp;&nbsp;Get_Adc
</UL>
<BR>[Called By]<UL><LI><a href="#[5b]">&gt;&gt;</a>&nbsp;&nbsp;&nbsp;MB_Read_MutiReg
</UL>

<P><STRONG><a name="[5b]"></a>MB_Read_MutiReg</STRONG> (Thumb, 182 bytes, Stack size 32 bytes, modbus.o(.text))
<BR><BR>[Stack]<UL><LI>Max Depth = 88<LI>Call Chain = MB_Read_MutiReg &rArr; GetVonvertionValue &rArr; __aeabi_dmul
</UL>
<BR>[Calls]<UL><LI><a href="#[52]">&gt;&gt;</a>&nbsp;&nbsp;&nbsp;uart_send_char
<LI><a href="#[56]">&gt;&gt;</a>&nbsp;&nbsp;&nbsp;GetVonvertionValue
<LI><a href="#[51]">&gt;&gt;</a>&nbsp;&nbsp;&nbsp;MB_Reply
<LI><a href="#[54]">&gt;&gt;</a>&nbsp;&nbsp;&nbsp;flush_sendBuff
<LI><a href="#[55]">&gt;&gt;</a>&nbsp;&nbsp;&nbsp;getCRC16
</UL>
<BR>[Called By]<UL><LI><a href="#[4f]">&gt;&gt;</a>&nbsp;&nbsp;&nbsp;MB_Poll
</UL>

<P><STRONG><a name="[4f]"></a>MB_Poll</STRONG> (Thumb, 140 bytes, Stack size 16 bytes, modbus.o(.text))
<BR><BR>[Stack]<UL><LI>Max Depth = 104<LI>Call Chain = MB_Poll &rArr; MB_Read_MutiReg &rArr; GetVonvertionValue &rArr; __aeabi_dmul
</UL>
<BR>[Calls]<UL><LI><a href="#[52]">&gt;&gt;</a>&nbsp;&nbsp;&nbsp;uart_send_char
<LI><a href="#[5b]">&gt;&gt;</a>&nbsp;&nbsp;&nbsp;MB_Read_MutiReg
<LI><a href="#[53]">&gt;&gt;</a>&nbsp;&nbsp;&nbsp;MB_Write_SingleReg
<LI><a href="#[5c]">&gt;&gt;</a>&nbsp;&nbsp;&nbsp;flush_revBuff
<LI><a href="#[55]">&gt;&gt;</a>&nbsp;&nbsp;&nbsp;getCRC16
</UL>
<BR>[Called By]<UL><LI><a href="#[43]">&gt;&gt;</a>&nbsp;&nbsp;&nbsp;main
</UL>

<P><STRONG><a name="[4a]"></a>delay_init</STRONG> (Thumb, 56 bytes, Stack size 0 bytes, delay.o(.text))
<BR><BR>[Called By]<UL><LI><a href="#[43]">&gt;&gt;</a>&nbsp;&nbsp;&nbsp;main
</UL>

<P><STRONG><a name="[71]"></a>delay_ms</STRONG> (Thumb, 54 bytes, Stack size 0 bytes, delay.o(.text))
<BR><BR>[Called By]<UL><LI><a href="#[73]">&gt;&gt;</a>&nbsp;&nbsp;&nbsp;Check_WKUP
<LI><a href="#[70]">&gt;&gt;</a>&nbsp;&nbsp;&nbsp;RTC_Init
</UL>

<P><STRONG><a name="[a8]"></a>delay_us</STRONG> (Thumb, 54 bytes, Stack size 0 bytes, delay.o(.text), UNUSED)

<P><STRONG><a name="[60]"></a>MY_NVIC_SetVectorTable</STRONG> (Thumb, 12 bytes, Stack size 0 bytes, sys.o(.text))
<BR><BR>[Called By]<UL><LI><a href="#[5f]">&gt;&gt;</a>&nbsp;&nbsp;&nbsp;MYRCC_DeInit
</UL>

<P><STRONG><a name="[5e]"></a>MY_NVIC_PriorityGroupConfig</STRONG> (Thumb, 36 bytes, Stack size 0 bytes, sys.o(.text))
<BR><BR>[Called By]<UL><LI><a href="#[5d]">&gt;&gt;</a>&nbsp;&nbsp;&nbsp;MY_NVIC_Init
</UL>

<P><STRONG><a name="[5d]"></a>MY_NVIC_Init</STRONG> (Thumb, 156 bytes, Stack size 32 bytes, sys.o(.text))
<BR><BR>[Stack]<UL><LI>Max Depth = 32<LI>Call Chain = MY_NVIC_Init
</UL>
<BR>[Calls]<UL><LI><a href="#[5e]">&gt;&gt;</a>&nbsp;&nbsp;&nbsp;MY_NVIC_PriorityGroupConfig
</UL>
<BR>[Called By]<UL><LI><a href="#[74]">&gt;&gt;</a>&nbsp;&nbsp;&nbsp;WKUP_Init
<LI><a href="#[70]">&gt;&gt;</a>&nbsp;&nbsp;&nbsp;RTC_Init
<LI><a href="#[68]">&gt;&gt;</a>&nbsp;&nbsp;&nbsp;WWDG_Init
<LI><a href="#[50]">&gt;&gt;</a>&nbsp;&nbsp;&nbsp;Timerx_Init
<LI><a href="#[4b]">&gt;&gt;</a>&nbsp;&nbsp;&nbsp;uart_init
</UL>

<P><STRONG><a name="[75]"></a>Ex_NVIC_Config</STRONG> (Thumb, 146 bytes, Stack size 16 bytes, sys.o(.text), UNUSED)
<BR><BR>[Called By]<UL><LI><a href="#[74]">&gt;&gt;</a>&nbsp;&nbsp;&nbsp;WKUP_Init
</UL>

<P><STRONG><a name="[5f]"></a>MYRCC_DeInit</STRONG> (Thumb, 90 bytes, Stack size 4 bytes, sys.o(.text))
<BR><BR>[Stack]<UL><LI>Max Depth = 4<LI>Call Chain = MYRCC_DeInit
</UL>
<BR>[Calls]<UL><LI><a href="#[60]">&gt;&gt;</a>&nbsp;&nbsp;&nbsp;MY_NVIC_SetVectorTable
</UL>
<BR>[Called By]<UL><LI><a href="#[49]">&gt;&gt;</a>&nbsp;&nbsp;&nbsp;Stm32_Clock_Init
</UL>

<P><STRONG><a name="[61]"></a>Sys_Standby</STRONG> (Thumb, 68 bytes, Stack size 8 bytes, sys.o(.text))
<BR><BR>[Stack]<UL><LI>Max Depth = 8<LI>Call Chain = Sys_Standby
</UL>
<BR>[Calls]<UL><LI><a href="#[62]">&gt;&gt;</a>&nbsp;&nbsp;&nbsp;WFI_SET
</UL>
<BR>[Called By]<UL><LI><a href="#[74]">&gt;&gt;</a>&nbsp;&nbsp;&nbsp;WKUP_Init
<LI><a href="#[72]">&gt;&gt;</a>&nbsp;&nbsp;&nbsp;Sys_Enter_Standby
</UL>

<P><STRONG><a name="[a9]"></a>Sys_Soft_Reset</STRONG> (Thumb, 12 bytes, Stack size 0 bytes, sys.o(.text), UNUSED)

<P><STRONG><a name="[aa]"></a>JTAG_Set</STRONG> (Thumb, 42 bytes, Stack size 0 bytes, sys.o(.text), UNUSED)

<P><STRONG><a name="[49]"></a>Stm32_Clock_Init</STRONG> (Thumb, 130 bytes, Stack size 12 bytes, sys.o(.text))
<BR><BR>[Stack]<UL><LI>Max Depth = 16<LI>Call Chain = Stm32_Clock_Init &rArr; MYRCC_DeInit
</UL>
<BR>[Calls]<UL><LI><a href="#[5f]">&gt;&gt;</a>&nbsp;&nbsp;&nbsp;MYRCC_DeInit
</UL>
<BR>[Called By]<UL><LI><a href="#[43]">&gt;&gt;</a>&nbsp;&nbsp;&nbsp;main
</UL>

<P><STRONG><a name="[48]"></a>_sys_exit</STRONG> (Thumb, 6 bytes, Stack size 0 bytes, usart.o(.text))
<BR><BR>[Called By]<UL><LI><a href="#[47]">&gt;&gt;</a>&nbsp;&nbsp;&nbsp;__rt_exit_exit
</UL>

<P><STRONG><a name="[ab]"></a>fputc</STRONG> (Thumb, 22 bytes, Stack size 0 bytes, usart.o(.text), UNUSED)

<P><STRONG><a name="[34]"></a>USART3_IRQHandler</STRONG> (Thumb, 68 bytes, Stack size 8 bytes, usart.o(.text))
<BR><BR>[Stack]<UL><LI>Max Depth = 56<LI>Call Chain = USART3_IRQHandler &rArr; Timerx_Init &rArr; MY_NVIC_Init
</UL>
<BR>[Calls]<UL><LI><a href="#[50]">&gt;&gt;</a>&nbsp;&nbsp;&nbsp;Timerx_Init
</UL>
<BR>[Address Reference Count : 1]<UL><LI> stm32f10x.o(RESET)
</UL>
<P><STRONG><a name="[52]"></a>uart_send_char</STRONG> (Thumb, 20 bytes, Stack size 0 bytes, usart.o(.text))
<BR><BR>[Called By]<UL><LI><a href="#[5b]">&gt;&gt;</a>&nbsp;&nbsp;&nbsp;MB_Read_MutiReg
<LI><a href="#[53]">&gt;&gt;</a>&nbsp;&nbsp;&nbsp;MB_Write_SingleReg
<LI><a href="#[51]">&gt;&gt;</a>&nbsp;&nbsp;&nbsp;MB_Reply
<LI><a href="#[4f]">&gt;&gt;</a>&nbsp;&nbsp;&nbsp;MB_Poll
</UL>

<P><STRONG><a name="[4b]"></a>uart_init</STRONG> (Thumb, 214 bytes, Stack size 40 bytes, usart.o(.text))
<BR><BR>[Stack]<UL><LI>Max Depth = 72<LI>Call Chain = uart_init &rArr; MY_NVIC_Init
</UL>
<BR>[Calls]<UL><LI><a href="#[67]">&gt;&gt;</a>&nbsp;&nbsp;&nbsp;__aeabi_fmul
<LI><a href="#[63]">&gt;&gt;</a>&nbsp;&nbsp;&nbsp;__aeabi_ui2f
<LI><a href="#[65]">&gt;&gt;</a>&nbsp;&nbsp;&nbsp;__aeabi_f2uiz
<LI><a href="#[64]">&gt;&gt;</a>&nbsp;&nbsp;&nbsp;__aeabi_fdiv
<LI><a href="#[66]">&gt;&gt;</a>&nbsp;&nbsp;&nbsp;__aeabi_frsub
<LI><a href="#[5d]">&gt;&gt;</a>&nbsp;&nbsp;&nbsp;MY_NVIC_Init
</UL>
<BR>[Called By]<UL><LI><a href="#[43]">&gt;&gt;</a>&nbsp;&nbsp;&nbsp;main
</UL>

<P><STRONG><a name="[4c]"></a>LED_Init</STRONG> (Thumb, 100 bytes, Stack size 0 bytes, led.o(.text))
<BR><BR>[Called By]<UL><LI><a href="#[43]">&gt;&gt;</a>&nbsp;&nbsp;&nbsp;main
</UL>

<P><STRONG><a name="[ac]"></a>IWDG_Init</STRONG> (Thumb, 28 bytes, Stack size 0 bytes, wdg.o(.text), UNUSED)

<P><STRONG><a name="[ad]"></a>IWDG_Feed</STRONG> (Thumb, 10 bytes, Stack size 0 bytes, wdg.o(.text), UNUSED)

<P><STRONG><a name="[68]"></a>WWDG_Init</STRONG> (Thumb, 108 bytes, Stack size 16 bytes, wdg.o(.text), UNUSED)
<BR><BR>[Calls]<UL><LI><a href="#[5d]">&gt;&gt;</a>&nbsp;&nbsp;&nbsp;MY_NVIC_Init
</UL>

<P><STRONG><a name="[69]"></a>WWDG_Set_Counter</STRONG> (Thumb, 20 bytes, Stack size 0 bytes, wdg.o(.text))
<BR><BR>[Called By]<UL><LI><a href="#[d]">&gt;&gt;</a>&nbsp;&nbsp;&nbsp;WWDG_IRQHandler
</UL>

<P><STRONG><a name="[d]"></a>WWDG_IRQHandler</STRONG> (Thumb, 58 bytes, Stack size 8 bytes, wdg.o(.text))
<BR><BR>[Stack]<UL><LI>Max Depth = 8<LI>Call Chain = WWDG_IRQHandler
</UL>
<BR>[Calls]<UL><LI><a href="#[69]">&gt;&gt;</a>&nbsp;&nbsp;&nbsp;WWDG_Set_Counter
</UL>
<BR>[Address Reference Count : 1]<UL><LI> stm32f10x.o(RESET)
</UL>
<P><STRONG><a name="[2a]"></a>TIM3_IRQHandler</STRONG> (Thumb, 48 bytes, Stack size 0 bytes, timer.o(.text))
<BR>[Address Reference Count : 1]<UL><LI> stm32f10x.o(RESET)
</UL>
<P><STRONG><a name="[50]"></a>Timerx_Init</STRONG> (Thumb, 82 bytes, Stack size 16 bytes, timer.o(.text))
<BR><BR>[Stack]<UL><LI>Max Depth = 48<LI>Call Chain = Timerx_Init &rArr; MY_NVIC_Init
</UL>
<BR>[Calls]<UL><LI><a href="#[5d]">&gt;&gt;</a>&nbsp;&nbsp;&nbsp;MY_NVIC_Init
</UL>
<BR>[Called By]<UL><LI><a href="#[34]">&gt;&gt;</a>&nbsp;&nbsp;&nbsp;USART3_IRQHandler
<LI><a href="#[4e]">&gt;&gt;</a>&nbsp;&nbsp;&nbsp;MB_Init
</UL>

<P><STRONG><a name="[ae]"></a>PWM_Init</STRONG> (Thumb, 144 bytes, Stack size 0 bytes, timer.o(.text), UNUSED)

<P><STRONG><a name="[6c]"></a>RTC_Get_Week</STRONG> (Thumb, 116 bytes, Stack size 20 bytes, rtc.o(.text))
<BR><BR>[Stack]<UL><LI>Max Depth = 20<LI>Call Chain = RTC_Get_Week
</UL>
<BR>[Called By]<UL><LI><a href="#[6a]">&gt;&gt;</a>&nbsp;&nbsp;&nbsp;RTC_Get
</UL>

<P><STRONG><a name="[6b]"></a>Is_Leap_Year</STRONG> (Thumb, 58 bytes, Stack size 0 bytes, rtc.o(.text))
<BR><BR>[Called By]<UL><LI><a href="#[6d]">&gt;&gt;</a>&nbsp;&nbsp;&nbsp;RTC_Set
<LI><a href="#[6a]">&gt;&gt;</a>&nbsp;&nbsp;&nbsp;RTC_Get
</UL>

<P><STRONG><a name="[6a]"></a>RTC_Get</STRONG> (Thumb, 242 bytes, Stack size 16 bytes, rtc.o(.text))
<BR><BR>[Stack]<UL><LI>Max Depth = 36<LI>Call Chain = RTC_Get &rArr; RTC_Get_Week
</UL>
<BR>[Calls]<UL><LI><a href="#[6b]">&gt;&gt;</a>&nbsp;&nbsp;&nbsp;Is_Leap_Year
<LI><a href="#[6c]">&gt;&gt;</a>&nbsp;&nbsp;&nbsp;RTC_Get_Week
</UL>
<BR>[Called By]<UL><LI><a href="#[10]">&gt;&gt;</a>&nbsp;&nbsp;&nbsp;RTC_IRQHandler
<LI><a href="#[70]">&gt;&gt;</a>&nbsp;&nbsp;&nbsp;RTC_Init
</UL>

<P><STRONG><a name="[6d]"></a>RTC_Set</STRONG> (Thumb, 248 bytes, Stack size 32 bytes, rtc.o(.text), UNUSED)
<BR><BR>[Calls]<UL><LI><a href="#[6b]">&gt;&gt;</a>&nbsp;&nbsp;&nbsp;Is_Leap_Year
</UL>
<BR>[Called By]<UL><LI><a href="#[6e]">&gt;&gt;</a>&nbsp;&nbsp;&nbsp;Auto_Time_Set
</UL>

<P><STRONG><a name="[6f]"></a>str_cmpx</STRONG> (Thumb, 36 bytes, Stack size 16 bytes, rtc.o(.text), UNUSED)
<BR><BR>[Called By]<UL><LI><a href="#[6e]">&gt;&gt;</a>&nbsp;&nbsp;&nbsp;Auto_Time_Set
</UL>

<P><STRONG><a name="[6e]"></a>Auto_Time_Set</STRONG> (Thumb, 256 bytes, Stack size 44 bytes, rtc.o(.text), UNUSED)
<BR><BR>[Calls]<UL><LI><a href="#[6f]">&gt;&gt;</a>&nbsp;&nbsp;&nbsp;str_cmpx
<LI><a href="#[6d]">&gt;&gt;</a>&nbsp;&nbsp;&nbsp;RTC_Set
</UL>
<BR>[Called By]<UL><LI><a href="#[70]">&gt;&gt;</a>&nbsp;&nbsp;&nbsp;RTC_Init
</UL>

<P><STRONG><a name="[70]"></a>RTC_Init</STRONG> (Thumb, 388 bytes, Stack size 8 bytes, rtc.o(.text), UNUSED)
<BR><BR>[Calls]<UL><LI><a href="#[6e]">&gt;&gt;</a>&nbsp;&nbsp;&nbsp;Auto_Time_Set
<LI><a href="#[6a]">&gt;&gt;</a>&nbsp;&nbsp;&nbsp;RTC_Get
<LI><a href="#[5d]">&gt;&gt;</a>&nbsp;&nbsp;&nbsp;MY_NVIC_Init
<LI><a href="#[71]">&gt;&gt;</a>&nbsp;&nbsp;&nbsp;delay_ms
</UL>

<P><STRONG><a name="[10]"></a>RTC_IRQHandler</STRONG> (Thumb, 66 bytes, Stack size 4 bytes, rtc.o(.text))
<BR><BR>[Stack]<UL><LI>Max Depth = 40<LI>Call Chain = RTC_IRQHandler &rArr; RTC_Get &rArr; RTC_Get_Week
</UL>
<BR>[Calls]<UL><LI><a href="#[6a]">&gt;&gt;</a>&nbsp;&nbsp;&nbsp;RTC_Get
</UL>
<BR>[Address Reference Count : 1]<UL><LI> stm32f10x.o(RESET)
</UL>
<P><STRONG><a name="[72]"></a>Sys_Enter_Standby</STRONG> (Thumb, 20 bytes, Stack size 8 bytes, wkup.o(.text))
<BR><BR>[Stack]<UL><LI>Max Depth = 16<LI>Call Chain = Sys_Enter_Standby &rArr; Sys_Standby
</UL>
<BR>[Calls]<UL><LI><a href="#[61]">&gt;&gt;</a>&nbsp;&nbsp;&nbsp;Sys_Standby
</UL>
<BR>[Called By]<UL><LI><a href="#[13]">&gt;&gt;</a>&nbsp;&nbsp;&nbsp;EXTI0_IRQHandler
</UL>

<P><STRONG><a name="[73]"></a>Check_WKUP</STRONG> (Thumb, 72 bytes, Stack size 16 bytes, wkup.o(.text))
<BR><BR>[Stack]<UL><LI>Max Depth = 16<LI>Call Chain = Check_WKUP
</UL>
<BR>[Calls]<UL><LI><a href="#[71]">&gt;&gt;</a>&nbsp;&nbsp;&nbsp;delay_ms
</UL>
<BR>[Called By]<UL><LI><a href="#[74]">&gt;&gt;</a>&nbsp;&nbsp;&nbsp;WKUP_Init
<LI><a href="#[13]">&gt;&gt;</a>&nbsp;&nbsp;&nbsp;EXTI0_IRQHandler
</UL>

<P><STRONG><a name="[13]"></a>EXTI0_IRQHandler</STRONG> (Thumb, 20 bytes, Stack size 8 bytes, wkup.o(.text))
<BR><BR>[Stack]<UL><LI>Max Depth = 24<LI>Call Chain = EXTI0_IRQHandler &rArr; Check_WKUP
</UL>
<BR>[Calls]<UL><LI><a href="#[73]">&gt;&gt;</a>&nbsp;&nbsp;&nbsp;Check_WKUP
<LI><a href="#[72]">&gt;&gt;</a>&nbsp;&nbsp;&nbsp;Sys_Enter_Standby
</UL>
<BR>[Address Reference Count : 1]<UL><LI> stm32f10x.o(RESET)
</UL>
<P><STRONG><a name="[74]"></a>WKUP_Init</STRONG> (Thumb, 80 bytes, Stack size 8 bytes, wkup.o(.text), UNUSED)
<BR><BR>[Calls]<UL><LI><a href="#[73]">&gt;&gt;</a>&nbsp;&nbsp;&nbsp;Check_WKUP
<LI><a href="#[61]">&gt;&gt;</a>&nbsp;&nbsp;&nbsp;Sys_Standby
<LI><a href="#[75]">&gt;&gt;</a>&nbsp;&nbsp;&nbsp;Ex_NVIC_Config
<LI><a href="#[5d]">&gt;&gt;</a>&nbsp;&nbsp;&nbsp;MY_NVIC_Init
</UL>

<P><STRONG><a name="[4d]"></a>Adc_Init</STRONG> (Thumb, 306 bytes, Stack size 0 bytes, adc.o(.text))
<BR><BR>[Called By]<UL><LI><a href="#[43]">&gt;&gt;</a>&nbsp;&nbsp;&nbsp;main
</UL>

<P><STRONG><a name="[57]"></a>Get_Adc</STRONG> (Thumb, 66 bytes, Stack size 0 bytes, adc.o(.text))
<BR><BR>[Called By]<UL><LI><a href="#[56]">&gt;&gt;</a>&nbsp;&nbsp;&nbsp;GetVonvertionValue
</UL>

<P><STRONG><a name="[af]"></a>__use_no_semihosting</STRONG> (Thumb, 2 bytes, Stack size 0 bytes, use_no_semi_2.o(.text), UNUSED)

<P><STRONG><a name="[b0]"></a>__use_two_region_memory</STRONG> (Thumb, 2 bytes, Stack size 0 bytes, heapauxi.o(.text), UNUSED)

<P><STRONG><a name="[b1]"></a>__rt_heap_escrow$2region</STRONG> (Thumb, 2 bytes, Stack size 0 bytes, heapauxi.o(.text), UNUSED)

<P><STRONG><a name="[b2]"></a>__rt_heap_expand$2region</STRONG> (Thumb, 2 bytes, Stack size 0 bytes, heapauxi.o(.text), UNUSED)

<P><STRONG><a name="[b3]"></a>__I$use$semihosting</STRONG> (Thumb, 0 bytes, Stack size 0 bytes, use_no_semi.o(.text), UNUSED)

<P><STRONG><a name="[b4]"></a>__use_no_semihosting_swi</STRONG> (Thumb, 2 bytes, Stack size 0 bytes, use_no_semi.o(.text), UNUSED)

<P><STRONG><a name="[3f]"></a>__user_setup_stackheap</STRONG> (Thumb, 74 bytes, Stack size 8 bytes, sys_stackheap_outer.o(.text))
<BR><BR>[Stack]<UL><LI>Max Depth = 8 + Unknown Stack Size
<LI>Call Chain = __user_setup_stackheap
</UL>
<BR>[Calls]<UL><LI><a href="#[76]">&gt;&gt;</a>&nbsp;&nbsp;&nbsp;__user_perproc_libspace
<LI><a href="#[77]">&gt;&gt;</a>&nbsp;&nbsp;&nbsp;__user_initial_stackheap
</UL>
<BR>[Called By]<UL><LI><a href="#[3e]">&gt;&gt;</a>&nbsp;&nbsp;&nbsp;__rt_entry_sh
</UL>

<P><STRONG><a name="[44]"></a>exit</STRONG> (Thumb, 12 bytes, Stack size 0 bytes, exit.o(.text))
<BR><BR>[Calls]<UL><LI><a href="#[78]">&gt;&gt;</a>&nbsp;&nbsp;&nbsp;__rt_exit
</UL>
<BR>[Called By]<UL><LI><a href="#[42]">&gt;&gt;</a>&nbsp;&nbsp;&nbsp;__rt_entry_main
</UL>

<P><STRONG><a name="[b5]"></a>__user_libspace</STRONG> (Thumb, 8 bytes, Stack size 0 bytes, libspace.o(.text), UNUSED)

<P><STRONG><a name="[76]"></a>__user_perproc_libspace</STRONG> (Thumb, 0 bytes, Stack size 0 bytes, libspace.o(.text))
<BR><BR>[Called By]<UL><LI><a href="#[3f]">&gt;&gt;</a>&nbsp;&nbsp;&nbsp;__user_setup_stackheap
</UL>

<P><STRONG><a name="[b6]"></a>__user_perthread_libspace</STRONG> (Thumb, 0 bytes, Stack size 0 bytes, libspace.o(.text), UNUSED)

<P><STRONG><a name="[5a]"></a>__aeabi_d2uiz</STRONG> (Thumb, 0 bytes, Stack size 32 bytes, dfixu.o(x$fpl$dfixu))
<BR><BR>[Stack]<UL><LI>Max Depth = 32<LI>Call Chain = __aeabi_d2uiz
</UL>
<BR>[Called By]<UL><LI><a href="#[56]">&gt;&gt;</a>&nbsp;&nbsp;&nbsp;GetVonvertionValue
</UL>

<P><STRONG><a name="[79]"></a>_dfixu</STRONG> (Thumb, 90 bytes, Stack size 32 bytes, dfixu.o(x$fpl$dfixu), UNUSED)
<BR><BR>[Calls]<UL><LI><a href="#[7a]">&gt;&gt;</a>&nbsp;&nbsp;&nbsp;__fpl_dnaninf
</UL>

<P><STRONG><a name="[58]"></a>__aeabi_ui2d</STRONG> (Thumb, 0 bytes, Stack size 0 bytes, dflt_clz.o(x$fpl$dfltu))
<BR><BR>[Called By]<UL><LI><a href="#[56]">&gt;&gt;</a>&nbsp;&nbsp;&nbsp;GetVonvertionValue
</UL>

<P><STRONG><a name="[b7]"></a>_dfltu</STRONG> (Thumb, 38 bytes, Stack size 0 bytes, dflt_clz.o(x$fpl$dfltu), UNUSED)

<P><STRONG><a name="[59]"></a>__aeabi_dmul</STRONG> (Thumb, 0 bytes, Stack size 32 bytes, dmul.o(x$fpl$dmul))
<BR><BR>[Stack]<UL><LI>Max Depth = 32<LI>Call Chain = __aeabi_dmul
</UL>
<BR>[Called By]<UL><LI><a href="#[56]">&gt;&gt;</a>&nbsp;&nbsp;&nbsp;GetVonvertionValue
</UL>

<P><STRONG><a name="[7b]"></a>_dmul</STRONG> (Thumb, 332 bytes, Stack size 32 bytes, dmul.o(x$fpl$dmul), UNUSED)
<BR><BR>[Calls]<UL><LI><a href="#[7c]">&gt;&gt;</a>&nbsp;&nbsp;&nbsp;__fpl_dretinf
<LI><a href="#[7a]">&gt;&gt;</a>&nbsp;&nbsp;&nbsp;__fpl_dnaninf
</UL>

<P><STRONG><a name="[7a]"></a>__fpl_dnaninf</STRONG> (Thumb, 156 bytes, Stack size 16 bytes, dnaninf.o(x$fpl$dnaninf), UNUSED)
<BR><BR>[Called By]<UL><LI><a href="#[7b]">&gt;&gt;</a>&nbsp;&nbsp;&nbsp;_dmul
<LI><a href="#[79]">&gt;&gt;</a>&nbsp;&nbsp;&nbsp;_dfixu
</UL>

<P><STRONG><a name="[7c]"></a>__fpl_dretinf</STRONG> (Thumb, 12 bytes, Stack size 0 bytes, dretinf.o(x$fpl$dretinf), UNUSED)
<BR><BR>[Called By]<UL><LI><a href="#[7b]">&gt;&gt;</a>&nbsp;&nbsp;&nbsp;_dmul
</UL>

<P><STRONG><a name="[b8]"></a>__aeabi_fadd</STRONG> (Thumb, 0 bytes, Stack size 16 bytes, faddsub_clz.o(x$fpl$fadd), UNUSED)

<P><STRONG><a name="[7d]"></a>_fadd</STRONG> (Thumb, 196 bytes, Stack size 16 bytes, faddsub_clz.o(x$fpl$fadd), UNUSED)
<BR><BR>[Calls]<UL><LI><a href="#[7f]">&gt;&gt;</a>&nbsp;&nbsp;&nbsp;__fpl_fretinf
<LI><a href="#[80]">&gt;&gt;</a>&nbsp;&nbsp;&nbsp;__fpl_fnaninf
<LI><a href="#[7e]">&gt;&gt;</a>&nbsp;&nbsp;&nbsp;_fsub1
</UL>

<P><STRONG><a name="[64]"></a>__aeabi_fdiv</STRONG> (Thumb, 0 bytes, Stack size 16 bytes, fdiv.o(x$fpl$fdiv))
<BR><BR>[Stack]<UL><LI>Max Depth = 16<LI>Call Chain = __aeabi_fdiv
</UL>
<BR>[Called By]<UL><LI><a href="#[4b]">&gt;&gt;</a>&nbsp;&nbsp;&nbsp;uart_init
</UL>

<P><STRONG><a name="[81]"></a>_fdiv</STRONG> (Thumb, 384 bytes, Stack size 16 bytes, fdiv.o(x$fpl$fdiv), UNUSED)
<BR><BR>[Calls]<UL><LI><a href="#[7f]">&gt;&gt;</a>&nbsp;&nbsp;&nbsp;__fpl_fretinf
<LI><a href="#[80]">&gt;&gt;</a>&nbsp;&nbsp;&nbsp;__fpl_fnaninf
</UL>

<P><STRONG><a name="[65]"></a>__aeabi_f2uiz</STRONG> (Thumb, 0 bytes, Stack size 16 bytes, ffixu.o(x$fpl$ffixu))
<BR><BR>[Stack]<UL><LI>Max Depth = 16<LI>Call Chain = __aeabi_f2uiz
</UL>
<BR>[Called By]<UL><LI><a href="#[4b]">&gt;&gt;</a>&nbsp;&nbsp;&nbsp;uart_init
</UL>

<P><STRONG><a name="[82]"></a>_ffixu</STRONG> (Thumb, 62 bytes, Stack size 16 bytes, ffixu.o(x$fpl$ffixu), UNUSED)
<BR><BR>[Calls]<UL><LI><a href="#[80]">&gt;&gt;</a>&nbsp;&nbsp;&nbsp;__fpl_fnaninf
</UL>

<P><STRONG><a name="[63]"></a>__aeabi_ui2f</STRONG> (Thumb, 0 bytes, Stack size 0 bytes, fflt_clz.o(x$fpl$ffltu))
<BR><BR>[Called By]<UL><LI><a href="#[4b]">&gt;&gt;</a>&nbsp;&nbsp;&nbsp;uart_init
</UL>

<P><STRONG><a name="[b9]"></a>_ffltu</STRONG> (Thumb, 38 bytes, Stack size 0 bytes, fflt_clz.o(x$fpl$ffltu), UNUSED)

<P><STRONG><a name="[67]"></a>__aeabi_fmul</STRONG> (Thumb, 0 bytes, Stack size 16 bytes, fmul.o(x$fpl$fmul))
<BR><BR>[Stack]<UL><LI>Max Depth = 16<LI>Call Chain = __aeabi_fmul
</UL>
<BR>[Called By]<UL><LI><a href="#[4b]">&gt;&gt;</a>&nbsp;&nbsp;&nbsp;uart_init
</UL>

<P><STRONG><a name="[83]"></a>_fmul</STRONG> (Thumb, 258 bytes, Stack size 16 bytes, fmul.o(x$fpl$fmul), UNUSED)
<BR><BR>[Calls]<UL><LI><a href="#[7f]">&gt;&gt;</a>&nbsp;&nbsp;&nbsp;__fpl_fretinf
<LI><a href="#[80]">&gt;&gt;</a>&nbsp;&nbsp;&nbsp;__fpl_fnaninf
</UL>

<P><STRONG><a name="[80]"></a>__fpl_fnaninf</STRONG> (Thumb, 140 bytes, Stack size 8 bytes, fnaninf.o(x$fpl$fnaninf), UNUSED)
<BR><BR>[Called By]<UL><LI><a href="#[83]">&gt;&gt;</a>&nbsp;&nbsp;&nbsp;_fmul
<LI><a href="#[82]">&gt;&gt;</a>&nbsp;&nbsp;&nbsp;_ffixu
<LI><a href="#[81]">&gt;&gt;</a>&nbsp;&nbsp;&nbsp;_fdiv
<LI><a href="#[86]">&gt;&gt;</a>&nbsp;&nbsp;&nbsp;_fsub
<LI><a href="#[7d]">&gt;&gt;</a>&nbsp;&nbsp;&nbsp;_fadd
</UL>

<P><STRONG><a name="[7f]"></a>__fpl_fretinf</STRONG> (Thumb, 10 bytes, Stack size 0 bytes, fretinf.o(x$fpl$fretinf), UNUSED)
<BR><BR>[Called By]<UL><LI><a href="#[83]">&gt;&gt;</a>&nbsp;&nbsp;&nbsp;_fmul
<LI><a href="#[81]">&gt;&gt;</a>&nbsp;&nbsp;&nbsp;_fdiv
<LI><a href="#[7d]">&gt;&gt;</a>&nbsp;&nbsp;&nbsp;_fadd
</UL>

<P><STRONG><a name="[66]"></a>__aeabi_frsub</STRONG> (Thumb, 0 bytes, Stack size 0 bytes, faddsub_clz.o(x$fpl$frsb))
<BR><BR>[Called By]<UL><LI><a href="#[4b]">&gt;&gt;</a>&nbsp;&nbsp;&nbsp;uart_init
</UL>

<P><STRONG><a name="[84]"></a>_frsb</STRONG> (Thumb, 20 bytes, Stack size 0 bytes, faddsub_clz.o(x$fpl$frsb), UNUSED)
<BR><BR>[Calls]<UL><LI><a href="#[7e]">&gt;&gt;</a>&nbsp;&nbsp;&nbsp;_fsub1
<LI><a href="#[85]">&gt;&gt;</a>&nbsp;&nbsp;&nbsp;_fadd1
</UL>

<P><STRONG><a name="[ba]"></a>__aeabi_fsub</STRONG> (Thumb, 0 bytes, Stack size 16 bytes, faddsub_clz.o(x$fpl$fsub), UNUSED)

<P><STRONG><a name="[86]"></a>_fsub</STRONG> (Thumb, 234 bytes, Stack size 16 bytes, faddsub_clz.o(x$fpl$fsub), UNUSED)
<BR><BR>[Calls]<UL><LI><a href="#[80]">&gt;&gt;</a>&nbsp;&nbsp;&nbsp;__fpl_fnaninf
<LI><a href="#[85]">&gt;&gt;</a>&nbsp;&nbsp;&nbsp;_fadd1
</UL>
<P>
<H3>
Local Symbols
</H3>
<P><STRONG><a name="[85]"></a>_fadd1</STRONG> (Thumb, 0 bytes, Stack size unknown bytes, faddsub_clz.o(x$fpl$fadd), UNUSED)
<BR><BR>[Called By]<UL><LI><a href="#[86]">&gt;&gt;</a>&nbsp;&nbsp;&nbsp;_fsub
<LI><a href="#[84]">&gt;&gt;</a>&nbsp;&nbsp;&nbsp;_frsb
</UL>

<P><STRONG><a name="[7e]"></a>_fsub1</STRONG> (Thumb, 0 bytes, Stack size unknown bytes, faddsub_clz.o(x$fpl$fsub), UNUSED)
<BR><BR>[Called By]<UL><LI><a href="#[84]">&gt;&gt;</a>&nbsp;&nbsp;&nbsp;_frsb
<LI><a href="#[7d]">&gt;&gt;</a>&nbsp;&nbsp;&nbsp;_fadd
</UL>
<P>
<H3>
Undefined Global Symbols
</H3><HR></body></html>
