ARM Linker, 5.03 [Build 76] [MDK-ARM Standard]

==============================================================================

Section Cross References

    stm32f10x.o(STACK) refers (Special) to heapauxi.o(.text) for __use_two_region_memory
    stm32f10x.o(HEAP) refers (Special) to heapauxi.o(.text) for __use_two_region_memory
    stm32f10x.o(RESET) refers (Special) to heapauxi.o(.text) for __use_two_region_memory
    stm32f10x.o(RESET) refers to stm32f10x.o(STACK) for __initial_sp
    stm32f10x.o(RESET) refers to stm32f10x.o(.text) for Reset_Handler
    stm32f10x.o(RESET) refers to wdg.o(.text) for WWDG_IRQHandler
    stm32f10x.o(RESET) refers to rtc.o(.text) for RTC_IRQHandler
    stm32f10x.o(RESET) refers to wkup.o(.text) for EXTI0_IRQHandler
    stm32f10x.o(RESET) refers to timer.o(.text) for TIM3_IRQHandler
    stm32f10x.o(RESET) refers to usart.o(.text) for USART3_IRQHandler
    stm32f10x.o(.text) refers (Special) to heapauxi.o(.text) for __use_two_region_memory
    stm32f10x.o(.text) refers to __main.o(!!!main) for __main
    stm32f10x.o(.text) refers to stm32f10x.o(HEAP) for Heap_Mem
    stm32f10x.o(.text) refers to stm32f10x.o(STACK) for Stack_Mem
    test.o(.text) refers to sys.o(.text) for Stm32_Clock_Init
    test.o(.text) refers to delay.o(.text) for delay_init
    test.o(.text) refers to usart.o(.text) for uart_init
    test.o(.text) refers to led.o(.text) for LED_Init
    test.o(.text) refers to adc.o(.text) for Adc_Init
    test.o(.text) refers to modbus.o(.text) for MB_Init
    modbus.o(.text) refers to timer.o(.text) for Timerx_Init
    modbus.o(.text) refers to usart.o(.text) for uart_send_char
    modbus.o(.text) refers to adc.o(.text) for Get_Adc
    modbus.o(.text) refers to dflt_clz.o(x$fpl$dfltu) for __aeabi_ui2d
    modbus.o(.text) refers to dmul.o(x$fpl$dmul) for __aeabi_dmul
    modbus.o(.text) refers to dfixu.o(x$fpl$dfixu) for __aeabi_d2uiz
    modbus.o(.text) refers to usart.o(.bss) for uart_rev_buff
    modbus.o(.text) refers to modbus.o(.bss) for uart_send_buff
    modbus.o(.text) refers to modbus.o(.data) for slave_id
    delay.o(.text) refers to delay.o(.data) for fac_us
    sys.o(.text) refers to sys.o(.emb_text) for WFI_SET
    usart.o(.text) refers (Special) to use_no_semi_2.o(.text) for __use_no_semihosting
    usart.o(.text) refers to timer.o(.text) for Timerx_Init
    usart.o(.text) refers to fflt_clz.o(x$fpl$ffltu) for __aeabi_ui2f
    usart.o(.text) refers to fdiv.o(x$fpl$fdiv) for __aeabi_fdiv
    usart.o(.text) refers to ffixu.o(x$fpl$ffixu) for __aeabi_f2uiz
    usart.o(.text) refers to faddsub_clz.o(x$fpl$frsb) for __aeabi_frsub
    usart.o(.text) refers to fmul.o(x$fpl$fmul) for __aeabi_fmul
    usart.o(.text) refers to sys.o(.text) for MY_NVIC_Init
    usart.o(.text) refers to modbus.o(.data) for uart_rev_count
    usart.o(.text) refers to usart.o(.bss) for uart_rev_buff
    usart.o(.bss) refers (Special) to use_no_semi_2.o(.text) for __use_no_semihosting
    usart.o(.data) refers (Special) to use_no_semi_2.o(.text) for __use_no_semihosting
    key.o(.text) refers to sys.o(.text) for JTAG_Set
    key.o(.text) refers to delay.o(.text) for delay_ms
    key.o(.text) refers to key.o(.data) for key_up
    wdg.o(.text) refers to sys.o(.text) for MY_NVIC_Init
    wdg.o(.text) refers to wdg.o(.data) for WWDG_CNT
    timer.o(.text) refers to sys.o(.text) for MY_NVIC_Init
    timer.o(.text) refers to modbus.o(.data) for uart_rev_flag
    ili93xx.o(.text) refers to _printf_percent.o(.ARM.Collect$$_printf_percent$$00000000) for _printf_percent
    ili93xx.o(.text) refers to _printf_x.o(.ARM.Collect$$_printf_percent$$0000000C) for _printf_x
    ili93xx.o(.text) refers to _printf_hex_int.o(.text) for _printf_longlong_hex
    ili93xx.o(.text) refers to delay.o(.text) for delay_us
    ili93xx.o(.text) refers to ili93xx.o(i.LCD_SetCursor) for LCD_SetCursor
    ili93xx.o(.text) refers to ili93xx.o(.data) for DeviceCode
    ili93xx.o(.text) refers to sys.o(.text) for JTAG_Set
    ili93xx.o(.text) refers to noretval__2printf.o(.text) for __2printf
    ili93xx.o(.text) refers to ili93xx.o(.constdata) for asc2_1206
    rtc.o(.text) refers to delay.o(.text) for delay_ms
    rtc.o(.text) refers to rtc.o(.constdata) for table_week
    rtc.o(.text) refers to rtc.o(.data) for daycnt
    rtc.o(.text) refers to rtc.o(.bss) for timer
    rtc.o(.text) refers to sys.o(.text) for MY_NVIC_Init
    wkup.o(.text) refers to sys.o(.text) for Sys_Standby
    wkup.o(.text) refers to delay.o(.text) for delay_ms
    use_no_semi_2.o(.text) refers (Special) to use_no_semi.o(.text) for __use_no_semihosting_swi
    __2printf.o(.text) refers to _printf_char_file.o(.text) for _printf_char_file
    __2printf.o(.text) refers to usart.o(.data) for __stdout
    noretval__2printf.o(.text) refers to _printf_char_file.o(.text) for _printf_char_file
    noretval__2printf.o(.text) refers to usart.o(.data) for __stdout
    __printf.o(.text) refers to _printf_percent.o(.ARM.Collect$$_printf_percent$$00000000) for _printf_percent
    _printf_hex_ll.o(.text) refers to _printf_intcommon.o(.text) for _printf_int_common
    _printf_hex_ll.o(.text) refers to _printf_hex_ll.o(.constdata) for .constdata
    _printf_hex_int.o(.text) refers to _printf_intcommon.o(.text) for _printf_int_common
    _printf_hex_int.o(.text) refers to _printf_hex_int.o(.constdata) for .constdata
    _printf_hex_int_ll.o(.text) refers to _printf_intcommon.o(.text) for _printf_int_common
    _printf_hex_int_ll.o(.text) refers to _printf_hex_int_ll.o(.constdata) for .constdata
    _printf_hex_ptr.o(.text) refers to _printf_intcommon.o(.text) for _printf_int_common
    _printf_hex_ptr.o(.text) refers to _printf_hex_ptr.o(.constdata) for .constdata
    _printf_hex_int_ptr.o(.text) refers to _printf_intcommon.o(.text) for _printf_int_common
    _printf_hex_int_ptr.o(.text) refers to _printf_hex_int_ptr.o(.constdata) for .constdata
    _printf_hex_ll_ptr.o(.text) refers to _printf_intcommon.o(.text) for _printf_int_common
    _printf_hex_ll_ptr.o(.text) refers to _printf_hex_ll_ptr.o(.constdata) for .constdata
    _printf_hex_int_ll_ptr.o(.text) refers to _printf_intcommon.o(.text) for _printf_int_common
    _printf_hex_int_ll_ptr.o(.text) refers to _printf_hex_int_ll_ptr.o(.constdata) for .constdata
    __printf_flags.o(.text) refers to _printf_percent.o(.ARM.Collect$$_printf_percent$$00000000) for _printf_percent
    __printf_flags.o(.text) refers to __printf_flags.o(.constdata) for .constdata
    __printf_ss.o(.text) refers to _printf_percent.o(.ARM.Collect$$_printf_percent$$00000000) for _printf_percent
    __printf_flags_ss.o(.text) refers to _printf_percent.o(.ARM.Collect$$_printf_percent$$00000000) for _printf_percent
    __printf_flags_ss.o(.text) refers to __printf_flags_ss.o(.constdata) for .constdata
    __printf_wp.o(.text) refers to __printf_wp.o(i._is_digit) for _is_digit
    __printf_wp.o(.text) refers to _printf_percent.o(.ARM.Collect$$_printf_percent$$00000000) for _printf_percent
    __printf_flags_wp.o(.text) refers to __printf_wp.o(i._is_digit) for _is_digit
    __printf_flags_wp.o(.text) refers to _printf_percent.o(.ARM.Collect$$_printf_percent$$00000000) for _printf_percent
    __printf_flags_wp.o(.text) refers to __printf_flags_wp.o(.constdata) for .constdata
    __printf_ss_wp.o(.text) refers to __printf_wp.o(i._is_digit) for _is_digit
    __printf_ss_wp.o(.text) refers to _printf_percent.o(.ARM.Collect$$_printf_percent$$00000000) for _printf_percent
    __printf_flags_ss_wp.o(.text) refers to __printf_wp.o(i._is_digit) for _is_digit
    __printf_flags_ss_wp.o(.text) refers to _printf_percent.o(.ARM.Collect$$_printf_percent$$00000000) for _printf_percent
    __printf_flags_ss_wp.o(.text) refers to __printf_flags_ss_wp.o(.constdata) for .constdata
    _printf_x.o(.ARM.Collect$$_printf_percent$$0000000C) refers (Weak) to _printf_hex_int.o(.text) for _printf_int_hex
    _printf_percent.o(.ARM.Collect$$_printf_percent$$00000000) refers (Special) to _printf_percent_end.o(.ARM.Collect$$_printf_percent$$00000017) for _printf_percent_end
    __main.o(!!!main) refers to rtentry.o(.ARM.Collect$$rtentry$$00000000) for __rt_entry
    dfixu.o(x$fpl$dfixu) refers (Special) to usenofp.o(x$fpl$usenofp) for __I$use$fp
    dfixu.o(x$fpl$dfixu) refers to dnaninf.o(x$fpl$dnaninf) for __fpl_dnaninf
    dfixu.o(x$fpl$dfixur) refers (Special) to usenofp.o(x$fpl$usenofp) for __I$use$fp
    dfixu.o(x$fpl$dfixur) refers to dnaninf.o(x$fpl$dnaninf) for __fpl_dnaninf
    dflt_clz.o(x$fpl$dfltu) refers (Special) to usenofp.o(x$fpl$usenofp) for __I$use$fp
    dflt_clz.o(x$fpl$dflt) refers (Special) to usenofp.o(x$fpl$usenofp) for __I$use$fp
    dflt_clz.o(x$fpl$dfltn) refers (Special) to usenofp.o(x$fpl$usenofp) for __I$use$fp
    dmul.o(x$fpl$dmul) refers (Special) to usenofp.o(x$fpl$usenofp) for __I$use$fp
    dmul.o(x$fpl$dmul) refers to dretinf.o(x$fpl$dretinf) for __fpl_dretinf
    dmul.o(x$fpl$dmul) refers to dnaninf.o(x$fpl$dnaninf) for __fpl_dnaninf
    faddsub_clz.o(x$fpl$fadd) refers (Special) to usenofp.o(x$fpl$usenofp) for __I$use$fp
    faddsub_clz.o(x$fpl$fadd) refers to faddsub_clz.o(x$fpl$fsub) for _fsub1
    faddsub_clz.o(x$fpl$fadd) refers to fretinf.o(x$fpl$fretinf) for __fpl_fretinf
    faddsub_clz.o(x$fpl$fadd) refers to fnaninf.o(x$fpl$fnaninf) for __fpl_fnaninf
    faddsub_clz.o(x$fpl$frsb) refers (Special) to usenofp.o(x$fpl$usenofp) for __I$use$fp
    faddsub_clz.o(x$fpl$frsb) refers to faddsub_clz.o(x$fpl$fadd) for _fadd1
    faddsub_clz.o(x$fpl$frsb) refers to faddsub_clz.o(x$fpl$fsub) for _fsub1
    faddsub_clz.o(x$fpl$fsub) refers (Special) to usenofp.o(x$fpl$usenofp) for __I$use$fp
    faddsub_clz.o(x$fpl$fsub) refers to faddsub_clz.o(x$fpl$fadd) for _fadd1
    faddsub_clz.o(x$fpl$fsub) refers to fnaninf.o(x$fpl$fnaninf) for __fpl_fnaninf
    fdiv.o(x$fpl$frdiv) refers (Special) to usenofp.o(x$fpl$usenofp) for __I$use$fp
    fdiv.o(x$fpl$frdiv) refers to fdiv.o(x$fpl$fdiv) for _fdiv1
    fdiv.o(x$fpl$fdiv) refers (Special) to usenofp.o(x$fpl$usenofp) for __I$use$fp
    fdiv.o(x$fpl$fdiv) refers to fretinf.o(x$fpl$fretinf) for __fpl_fretinf
    fdiv.o(x$fpl$fdiv) refers to fnaninf.o(x$fpl$fnaninf) for __fpl_fnaninf
    ffixu.o(x$fpl$ffixu) refers (Special) to usenofp.o(x$fpl$usenofp) for __I$use$fp
    ffixu.o(x$fpl$ffixu) refers to fnaninf.o(x$fpl$fnaninf) for __fpl_fnaninf
    ffixu.o(x$fpl$ffixur) refers (Special) to usenofp.o(x$fpl$usenofp) for __I$use$fp
    ffixu.o(x$fpl$ffixur) refers to fnaninf.o(x$fpl$fnaninf) for __fpl_fnaninf
    fflt_clz.o(x$fpl$ffltu) refers (Special) to usenofp.o(x$fpl$usenofp) for __I$use$fp
    fflt_clz.o(x$fpl$fflt) refers (Special) to usenofp.o(x$fpl$usenofp) for __I$use$fp
    fflt_clz.o(x$fpl$ffltn) refers (Special) to usenofp.o(x$fpl$usenofp) for __I$use$fp
    fmul.o(x$fpl$fmul) refers (Special) to usenofp.o(x$fpl$usenofp) for __I$use$fp
    fmul.o(x$fpl$fmul) refers to fretinf.o(x$fpl$fretinf) for __fpl_fretinf
    fmul.o(x$fpl$fmul) refers to fnaninf.o(x$fpl$fnaninf) for __fpl_fnaninf
    rtentry.o(.ARM.Collect$$rtentry$$00000000) refers (Special) to rtentry2.o(.ARM.Collect$$rtentry$$0000000A) for __rt_entry_li
    rtentry.o(.ARM.Collect$$rtentry$$00000000) refers (Special) to rtentry2.o(.ARM.Collect$$rtentry$$0000000D) for __rt_entry_main
    rtentry.o(.ARM.Collect$$rtentry$$00000000) refers (Special) to rtentry2.o(.ARM.Collect$$rtentry$$0000000C) for __rt_entry_postli_1
    rtentry.o(.ARM.Collect$$rtentry$$00000000) refers (Special) to rtentry2.o(.ARM.Collect$$rtentry$$00000009) for __rt_entry_postsh_1
    rtentry.o(.ARM.Collect$$rtentry$$00000000) refers (Special) to rtentry2.o(.ARM.Collect$$rtentry$$00000002) for __rt_entry_presh_1
    rtentry.o(.ARM.Collect$$rtentry$$00000000) refers (Special) to rtentry4.o(.ARM.Collect$$rtentry$$00000004) for __rt_entry_sh
    _printf_char_file.o(.text) refers to _printf_char_common.o(.text) for _printf_char_common
    _printf_char_file.o(.text) refers to ferror.o(.text) for ferror
    _printf_char_file.o(.text) refers to usart.o(.text) for fputc
    dnaninf.o(x$fpl$dnaninf) refers (Special) to usenofp.o(x$fpl$usenofp) for __I$use$fp
    dretinf.o(x$fpl$dretinf) refers (Special) to usenofp.o(x$fpl$usenofp) for __I$use$fp
    fnaninf.o(x$fpl$fnaninf) refers (Special) to usenofp.o(x$fpl$usenofp) for __I$use$fp
    fretinf.o(x$fpl$fretinf) refers (Special) to usenofp.o(x$fpl$usenofp) for __I$use$fp
    rtentry2.o(.ARM.Collect$$rtentry$$00000008) refers to boardinit2.o(.text) for _platform_post_stackheap_init
    rtentry2.o(.ARM.Collect$$rtentry$$0000000A) refers to libinit.o(.ARM.Collect$$libinit$$00000000) for __rt_lib_init
    rtentry2.o(.ARM.Collect$$rtentry$$0000000B) refers to boardinit3.o(.text) for _platform_post_lib_init
    rtentry2.o(.ARM.Collect$$rtentry$$0000000D) refers to test.o(.text) for main
    rtentry2.o(.ARM.Collect$$rtentry$$0000000D) refers to exit.o(.text) for exit
    rtentry2.o(.ARM.exidx) refers to rtentry2.o(.ARM.Collect$$rtentry$$00000001) for .ARM.Collect$$rtentry$$00000001
    rtentry2.o(.ARM.exidx) refers to rtentry2.o(.ARM.Collect$$rtentry$$00000008) for .ARM.Collect$$rtentry$$00000008
    rtentry2.o(.ARM.exidx) refers to rtentry2.o(.ARM.Collect$$rtentry$$0000000A) for .ARM.Collect$$rtentry$$0000000A
    rtentry2.o(.ARM.exidx) refers to rtentry2.o(.ARM.Collect$$rtentry$$0000000B) for .ARM.Collect$$rtentry$$0000000B
    rtentry2.o(.ARM.exidx) refers to rtentry2.o(.ARM.Collect$$rtentry$$0000000D) for .ARM.Collect$$rtentry$$0000000D
    rtentry4.o(.ARM.Collect$$rtentry$$00000004) refers to sys_stackheap_outer.o(.text) for __user_setup_stackheap
    rtentry4.o(.ARM.exidx) refers to rtentry4.o(.ARM.Collect$$rtentry$$00000004) for .ARM.Collect$$rtentry$$00000004
    _printf_char_common.o(.text) refers to __printf.o(.text) for __printf
    sys_stackheap_outer.o(.text) refers to libspace.o(.text) for __user_perproc_libspace
    sys_stackheap_outer.o(.text) refers to stm32f10x.o(.text) for __user_initial_stackheap
    exit.o(.text) refers to rtexit.o(.ARM.Collect$$rtexit$$00000000) for __rt_exit
    libinit.o(.ARM.Collect$$libinit$$00000000) refers (Special) to libinit2.o(.ARM.Collect$$libinit$$0000002C) for __rt_lib_init_alloca_1
    libinit.o(.ARM.Collect$$libinit$$00000000) refers (Special) to libinit2.o(.ARM.Collect$$libinit$$0000002A) for __rt_lib_init_argv_1
    libinit.o(.ARM.Collect$$libinit$$00000000) refers (Special) to libinit2.o(.ARM.Collect$$libinit$$00000019) for __rt_lib_init_atexit_1
    libinit.o(.ARM.Collect$$libinit$$00000000) refers (Special) to libinit2.o(.ARM.Collect$$libinit$$0000001F) for __rt_lib_init_clock_1
    libinit.o(.ARM.Collect$$libinit$$00000000) refers (Special) to libinit2.o(.ARM.Collect$$libinit$$00000030) for __rt_lib_init_cpp_1
    libinit.o(.ARM.Collect$$libinit$$00000000) refers (Special) to libinit2.o(.ARM.Collect$$libinit$$0000002E) for __rt_lib_init_exceptions_1
    libinit.o(.ARM.Collect$$libinit$$00000000) refers (Special) to libinit2.o(.ARM.Collect$$libinit$$00000002) for __rt_lib_init_fp_1
    libinit.o(.ARM.Collect$$libinit$$00000000) refers (Special) to libinit2.o(.ARM.Collect$$libinit$$0000001D) for __rt_lib_init_fp_trap_1
    libinit.o(.ARM.Collect$$libinit$$00000000) refers (Special) to libinit2.o(.ARM.Collect$$libinit$$00000021) for __rt_lib_init_getenv_1
    libinit.o(.ARM.Collect$$libinit$$00000000) refers (Special) to libinit2.o(.ARM.Collect$$libinit$$00000008) for __rt_lib_init_heap_1
    libinit.o(.ARM.Collect$$libinit$$00000000) refers (Special) to libinit2.o(.ARM.Collect$$libinit$$0000000F) for __rt_lib_init_lc_collate_1
    libinit.o(.ARM.Collect$$libinit$$00000000) refers (Special) to libinit2.o(.ARM.Collect$$libinit$$00000011) for __rt_lib_init_lc_ctype_1
    libinit.o(.ARM.Collect$$libinit$$00000000) refers (Special) to libinit2.o(.ARM.Collect$$libinit$$00000013) for __rt_lib_init_lc_monetary_1
    libinit.o(.ARM.Collect$$libinit$$00000000) refers (Special) to libinit2.o(.ARM.Collect$$libinit$$00000015) for __rt_lib_init_lc_numeric_1
    libinit.o(.ARM.Collect$$libinit$$00000000) refers (Special) to libinit2.o(.ARM.Collect$$libinit$$00000017) for __rt_lib_init_lc_time_1
    libinit.o(.ARM.Collect$$libinit$$00000000) refers (Special) to libinit2.o(.ARM.Collect$$libinit$$0000000C) for __rt_lib_init_rand_1
    libinit.o(.ARM.Collect$$libinit$$00000000) refers (Special) to libinit2.o(.ARM.Collect$$libinit$$00000031) for __rt_lib_init_return
    libinit.o(.ARM.Collect$$libinit$$00000000) refers (Special) to libinit2.o(.ARM.Collect$$libinit$$0000001B) for __rt_lib_init_signal_1
    libinit.o(.ARM.Collect$$libinit$$00000000) refers (Special) to libinit2.o(.ARM.Collect$$libinit$$00000023) for __rt_lib_init_stdio_1
    libinit.o(.ARM.Collect$$libinit$$00000000) refers (Special) to libinit2.o(.ARM.Collect$$libinit$$0000000A) for __rt_lib_init_user_alloc_1
    libspace.o(.text) refers to libspace.o(.bss) for __libspace_start
    rtexit.o(.ARM.Collect$$rtexit$$00000000) refers (Special) to rtexit2.o(.ARM.Collect$$rtexit$$00000004) for __rt_exit_exit
    rtexit.o(.ARM.Collect$$rtexit$$00000000) refers (Special) to rtexit2.o(.ARM.Collect$$rtexit$$00000003) for __rt_exit_ls
    rtexit.o(.ARM.Collect$$rtexit$$00000000) refers (Special) to rtexit2.o(.ARM.Collect$$rtexit$$00000002) for __rt_exit_prels_1
    rtexit.o(.ARM.exidx) refers (Special) to rtexit2.o(.ARM.Collect$$rtexit$$00000004) for __rt_exit_exit
    rtexit.o(.ARM.exidx) refers (Special) to rtexit2.o(.ARM.Collect$$rtexit$$00000003) for __rt_exit_ls
    rtexit.o(.ARM.exidx) refers (Special) to rtexit2.o(.ARM.Collect$$rtexit$$00000002) for __rt_exit_prels_1
    rtexit.o(.ARM.exidx) refers to rtexit.o(.ARM.Collect$$rtexit$$00000000) for .ARM.Collect$$rtexit$$00000000
    libinit2.o(.ARM.Collect$$libinit$$0000000E) refers to libinit2.o(.ARM.Collect$$libinit$$0000000D) for .ARM.Collect$$libinit$$0000000D
    libinit2.o(.ARM.Collect$$libinit$$00000010) refers to libinit2.o(.ARM.Collect$$libinit$$0000000D) for .ARM.Collect$$libinit$$0000000D
    libinit2.o(.ARM.Collect$$libinit$$00000012) refers to libinit2.o(.ARM.Collect$$libinit$$0000000D) for .ARM.Collect$$libinit$$0000000D
    libinit2.o(.ARM.Collect$$libinit$$00000014) refers to libinit2.o(.ARM.Collect$$libinit$$0000000D) for .ARM.Collect$$libinit$$0000000D
    libinit2.o(.ARM.Collect$$libinit$$00000016) refers to libinit2.o(.ARM.Collect$$libinit$$0000000D) for .ARM.Collect$$libinit$$0000000D
    libinit2.o(.ARM.Collect$$libinit$$00000024) refers to argv_veneer.o(.emb_text) for __ARM_argv_veneer
    libinit2.o(.ARM.Collect$$libinit$$00000025) refers to argv_veneer.o(.emb_text) for __ARM_argv_veneer
    rtexit2.o(.ARM.Collect$$rtexit$$00000003) refers to libshutdown.o(.ARM.Collect$$libshutdown$$00000000) for __rt_lib_shutdown
    rtexit2.o(.ARM.Collect$$rtexit$$00000004) refers to usart.o(.text) for _sys_exit
    rtexit2.o(.ARM.exidx) refers to rtexit2.o(.ARM.Collect$$rtexit$$00000001) for .ARM.Collect$$rtexit$$00000001
    rtexit2.o(.ARM.exidx) refers to rtexit2.o(.ARM.Collect$$rtexit$$00000003) for .ARM.Collect$$rtexit$$00000003
    rtexit2.o(.ARM.exidx) refers to rtexit2.o(.ARM.Collect$$rtexit$$00000004) for .ARM.Collect$$rtexit$$00000004
    argv_veneer.o(.emb_text) refers to no_argv.o(.text) for __ARM_get_argv
    _get_argv_nomalloc.o(.text) refers (Special) to hrguard.o(.text) for __heap_region$guard
    _get_argv_nomalloc.o(.text) refers to defsig_rtmem_outer.o(.text) for __rt_SIGRTMEM
    _get_argv_nomalloc.o(.text) refers to sys_command.o(.text) for _sys_command_string
    libshutdown.o(.ARM.Collect$$libshutdown$$00000000) refers (Special) to libshutdown2.o(.ARM.Collect$$libshutdown$$00000006) for __rt_lib_shutdown_fp_trap_1
    libshutdown.o(.ARM.Collect$$libshutdown$$00000000) refers (Special) to libshutdown2.o(.ARM.Collect$$libshutdown$$0000000E) for __rt_lib_shutdown_heap_1
    libshutdown.o(.ARM.Collect$$libshutdown$$00000000) refers (Special) to libshutdown2.o(.ARM.Collect$$libshutdown$$0000000F) for __rt_lib_shutdown_return
    libshutdown.o(.ARM.Collect$$libshutdown$$00000000) refers (Special) to libshutdown2.o(.ARM.Collect$$libshutdown$$00000009) for __rt_lib_shutdown_signal_1
    libshutdown.o(.ARM.Collect$$libshutdown$$00000000) refers (Special) to libshutdown2.o(.ARM.Collect$$libshutdown$$00000003) for __rt_lib_shutdown_stdio_1
    libshutdown.o(.ARM.Collect$$libshutdown$$00000000) refers (Special) to libshutdown2.o(.ARM.Collect$$libshutdown$$0000000B) for __rt_lib_shutdown_user_alloc_1
    sys_command.o(.text) refers (Special) to use_no_semi.o(.text) for __I$use$semihosting
    sys_command.o(.text) refers (Special) to indicate_semi.o(.text) for __semihosting_library_function
    defsig_rtmem_outer.o(.text) refers to defsig_rtmem_inner.o(.text) for __rt_SIGRTMEM_inner
    defsig_rtmem_outer.o(.text) refers to defsig_exit.o(.text) for __sig_exit
    defsig_rtmem_formal.o(.text) refers to rt_raise.o(.text) for __rt_raise
    rt_raise.o(.text) refers to __raise.o(.text) for __raise
    rt_raise.o(.text) refers to usart.o(.text) for _sys_exit
    defsig_exit.o(.text) refers to usart.o(.text) for _sys_exit
    defsig_rtmem_inner.o(.text) refers to defsig_general.o(.text) for __default_signal_display
    __raise.o(.text) refers to defsig.o(CL$$defsig) for __default_signal_handler
    defsig_general.o(.text) refers to sys_wrch.o(.text) for _ttywrch
    sys_wrch.o(.text) refers (Special) to use_no_semi.o(.text) for __I$use$semihosting
    sys_wrch.o(.text) refers (Special) to indicate_semi.o(.text) for __semihosting_library_function
    defsig.o(CL$$defsig) refers to defsig_rtmem_inner.o(.text) for __rt_SIGRTMEM_inner
    defsig_abrt_inner.o(.text) refers to defsig_general.o(.text) for __default_signal_display
    defsig_fpe_inner.o(.text) refers to defsig_general.o(.text) for __default_signal_display
    defsig_rtred_inner.o(.text) refers to defsig_general.o(.text) for __default_signal_display
    defsig_stak_inner.o(.text) refers to defsig_general.o(.text) for __default_signal_display
    defsig_pvfn_inner.o(.text) refers to defsig_general.o(.text) for __default_signal_display
    defsig_cppl_inner.o(.text) refers to defsig_general.o(.text) for __default_signal_display
    defsig_segv_inner.o(.text) refers to defsig_general.o(.text) for __default_signal_display
    defsig_other.o(.text) refers to defsig_general.o(.text) for __default_signal_display
    ili93xx.o(i.LCD_SetCursor) refers to ili93xx.o(.text) for LCD_WriteReg
    ili93xx.o(i.LCD_SetCursor) refers to ili93xx.o(.data) for DeviceCode


==============================================================================

Removing Unused input sections from the image.

    Removing usart.o(.data), (4 bytes).
    Removing key.o(.text), (256 bytes).
    Removing key.o(.data), (1 bytes).
    Removing ili93xx.o(.text), (9328 bytes).
    Removing ili93xx.o(.constdata), (2660 bytes).
    Removing ili93xx.o(.data), (6 bytes).
    Removing ili93xx.o(i.LCD_SetCursor), (204 bytes).

7 unused section(s) (total 12459 bytes) removed from the image.

==============================================================================

Image Symbol Table

    Local Symbols

    Symbol Name                              Value     Ov Type        Size  Object(Section)

    ../clib/angel/boardlib.s                 0x00000000   Number         0  boardinit3.o ABSOLUTE
    ../clib/angel/boardlib.s                 0x00000000   Number         0  boardshut.o ABSOLUTE
    ../clib/angel/boardlib.s                 0x00000000   Number         0  boardinit2.o ABSOLUTE
    ../clib/angel/boardlib.s                 0x00000000   Number         0  boardinit1.o ABSOLUTE
    ../clib/angel/handlers.s                 0x00000000   Number         0  __scatter_zi.o ABSOLUTE
    ../clib/angel/handlers.s                 0x00000000   Number         0  __scatter_copy.o ABSOLUTE
    ../clib/angel/kernel.s                   0x00000000   Number         0  rtexit.o ABSOLUTE
    ../clib/angel/kernel.s                   0x00000000   Number         0  rtexit2.o ABSOLUTE
    ../clib/angel/kernel.s                   0x00000000   Number         0  rtentry.o ABSOLUTE
    ../clib/angel/kernel.s                   0x00000000   Number         0  rtentry2.o ABSOLUTE
    ../clib/angel/kernel.s                   0x00000000   Number         0  rtentry4.o ABSOLUTE
    ../clib/angel/rt.s                       0x00000000   Number         0  rt_raise.o ABSOLUTE
    ../clib/angel/scatter.s                  0x00000000   Number         0  __scatter.o ABSOLUTE
    ../clib/angel/startup.s                  0x00000000   Number         0  __main.o ABSOLUTE
    ../clib/angel/sys.s                      0x00000000   Number         0  indicate_semi.o ABSOLUTE
    ../clib/angel/sys.s                      0x00000000   Number         0  libspace.o ABSOLUTE
    ../clib/angel/sys.s                      0x00000000   Number         0  use_no_semi_2.o ABSOLUTE
    ../clib/angel/sys.s                      0x00000000   Number         0  use_no_semi.o ABSOLUTE
    ../clib/angel/sys.s                      0x00000000   Number         0  sys_stackheap_outer.o ABSOLUTE
    ../clib/angel/sysapp.c                   0x00000000   Number         0  sys_command.o ABSOLUTE
    ../clib/angel/sysapp.c                   0x00000000   Number         0  sys_wrch.o ABSOLUTE
    ../clib/armsys.c                         0x00000000   Number         0  no_argv.o ABSOLUTE
    ../clib/armsys.c                         0x00000000   Number         0  _get_argv_nomalloc.o ABSOLUTE
    ../clib/armsys.c                         0x00000000   Number         0  argv_veneer.o ABSOLUTE
    ../clib/armsys.c                         0x00000000   Number         0  argv_veneer.o ABSOLUTE
    ../clib/heapalloc.c                      0x00000000   Number         0  hrguard.o ABSOLUTE
    ../clib/heapaux.c                        0x00000000   Number         0  heapauxi.o ABSOLUTE
    ../clib/libinit.s                        0x00000000   Number         0  libinit.o ABSOLUTE
    ../clib/libinit.s                        0x00000000   Number         0  libshutdown.o ABSOLUTE
    ../clib/libinit.s                        0x00000000   Number         0  libinit2.o ABSOLUTE
    ../clib/libinit.s                        0x00000000   Number         0  libshutdown2.o ABSOLUTE
    ../clib/printf.c                         0x00000000   Number         0  _printf_hex_int_ll.o ABSOLUTE
    ../clib/printf.c                         0x00000000   Number         0  _printf_hex_ptr.o ABSOLUTE
    ../clib/printf.c                         0x00000000   Number         0  _printf_hex_int_ptr.o ABSOLUTE
    ../clib/printf.c                         0x00000000   Number         0  _printf_hex_ll_ptr.o ABSOLUTE
    ../clib/printf.c                         0x00000000   Number         0  _printf_hex_int_ll_ptr.o ABSOLUTE
    ../clib/printf.c                         0x00000000   Number         0  __printf_flags.o ABSOLUTE
    ../clib/printf.c                         0x00000000   Number         0  __printf_ss.o ABSOLUTE
    ../clib/printf.c                         0x00000000   Number         0  __printf_flags_ss.o ABSOLUTE
    ../clib/printf.c                         0x00000000   Number         0  __printf.o ABSOLUTE
    ../clib/printf.c                         0x00000000   Number         0  __printf_wp.o ABSOLUTE
    ../clib/printf.c                         0x00000000   Number         0  __printf_flags_wp.o ABSOLUTE
    ../clib/printf.c                         0x00000000   Number         0  __printf_ss_wp.o ABSOLUTE
    ../clib/printf.c                         0x00000000   Number         0  __printf_flags_ss_wp.o ABSOLUTE
    ../clib/printf.c                         0x00000000   Number         0  __printf_nopercent.o ABSOLUTE
    ../clib/printf.c                         0x00000000   Number         0  _printf_char_common.o ABSOLUTE
    ../clib/printf.c                         0x00000000   Number         0  _printf_intcommon.o ABSOLUTE
    ../clib/printf.c                         0x00000000   Number         0  _printf_char_file.o ABSOLUTE
    ../clib/printf.c                         0x00000000   Number         0  __2printf.o ABSOLUTE
    ../clib/printf.c                         0x00000000   Number         0  noretval__2printf.o ABSOLUTE
    ../clib/printf.c                         0x00000000   Number         0  _printf_hex_ll.o ABSOLUTE
    ../clib/printf.c                         0x00000000   Number         0  _printf_hex_int.o ABSOLUTE
    ../clib/printf_percent.s                 0x00000000   Number         0  _printf_x.o ABSOLUTE
    ../clib/printf_percent.s                 0x00000000   Number         0  _printf_percent_end.o ABSOLUTE
    ../clib/printf_percent.s                 0x00000000   Number         0  _printf_percent.o ABSOLUTE
    ../clib/signal.c                         0x00000000   Number         0  defsig_stak_inner.o ABSOLUTE
    ../clib/signal.c                         0x00000000   Number         0  defsig_other.o ABSOLUTE
    ../clib/signal.c                         0x00000000   Number         0  defsig_segv_inner.o ABSOLUTE
    ../clib/signal.c                         0x00000000   Number         0  defsig_cppl_inner.o ABSOLUTE
    ../clib/signal.c                         0x00000000   Number         0  defsig_pvfn_inner.o ABSOLUTE
    ../clib/signal.c                         0x00000000   Number         0  defsig_general.o ABSOLUTE
    ../clib/signal.c                         0x00000000   Number         0  defsig_rtred_inner.o ABSOLUTE
    ../clib/signal.c                         0x00000000   Number         0  defsig_fpe_inner.o ABSOLUTE
    ../clib/signal.c                         0x00000000   Number         0  __raise.o ABSOLUTE
    ../clib/signal.c                         0x00000000   Number         0  defsig_rtmem_inner.o ABSOLUTE
    ../clib/signal.c                         0x00000000   Number         0  defsig_exit.o ABSOLUTE
    ../clib/signal.c                         0x00000000   Number         0  defsig_rtmem_formal.o ABSOLUTE
    ../clib/signal.c                         0x00000000   Number         0  defsig_rtmem_outer.o ABSOLUTE
    ../clib/signal.c                         0x00000000   Number         0  defsig_abrt_inner.o ABSOLUTE
    ../clib/signal.s                         0x00000000   Number         0  defsig.o ABSOLUTE
    ../clib/stdio.c                          0x00000000   Number         0  ferror.o ABSOLUTE
    ../clib/stdio.c                          0x00000000   Number         0  ferror_locked.o ABSOLUTE
    ../clib/stdlib.c                         0x00000000   Number         0  exit.o ABSOLUTE
    ../fplib/dfixu.s                         0x00000000   Number         0  dfixu.o ABSOLUTE
    ../fplib/dflt.s                          0x00000000   Number         0  dflt_clz.o ABSOLUTE
    ../fplib/dmul.s                          0x00000000   Number         0  dmul.o ABSOLUTE
    ../fplib/dnaninf.s                       0x00000000   Number         0  dnaninf.o ABSOLUTE
    ../fplib/dretinf.s                       0x00000000   Number         0  dretinf.o ABSOLUTE
    ../fplib/faddsub.s                       0x00000000   Number         0  faddsub_clz.o ABSOLUTE
    ../fplib/fdiv.s                          0x00000000   Number         0  fdiv.o ABSOLUTE
    ../fplib/ffixu.s                         0x00000000   Number         0  ffixu.o ABSOLUTE
    ../fplib/fflt.s                          0x00000000   Number         0  fflt_clz.o ABSOLUTE
    ../fplib/fmul.s                          0x00000000   Number         0  fmul.o ABSOLUTE
    ../fplib/fnaninf.s                       0x00000000   Number         0  fnaninf.o ABSOLUTE
    ../fplib/fpinit.s                        0x00000000   Number         0  fpinit.o ABSOLUTE
    ../fplib/fretinf.s                       0x00000000   Number         0  fretinf.o ABSOLUTE
    ../fplib/usenofp.s                       0x00000000   Number         0  usenofp.o ABSOLUTE
    ..\HARDWARE\ADC\adc.c                    0x00000000   Number         0  adc.o ABSOLUTE
    ..\HARDWARE\KEY\key.c                    0x00000000   Number         0  key.o ABSOLUTE
    ..\HARDWARE\LCD\ILI93xx.c                0x00000000   Number         0  ili93xx.o ABSOLUTE
    ..\HARDWARE\LED\led.c                    0x00000000   Number         0  led.o ABSOLUTE
    ..\HARDWARE\RTC\rtc.c                    0x00000000   Number         0  rtc.o ABSOLUTE
    ..\HARDWARE\TIMER\timer.c                0x00000000   Number         0  timer.o ABSOLUTE
    ..\HARDWARE\WDG\wdg.c                    0x00000000   Number         0  wdg.o ABSOLUTE
    ..\HARDWARE\WKUP\wkup.c                  0x00000000   Number         0  wkup.o ABSOLUTE
    ..\SYSTEM\delay\delay.c                  0x00000000   Number         0  delay.o ABSOLUTE
    ..\SYSTEM\sys\sys.c                      0x00000000   Number         0  sys.o ABSOLUTE
    ..\SYSTEM\usart\usart.c                  0x00000000   Number         0  usart.o ABSOLUTE
    ..\\SYSTEM\\sys\\sys.c                   0x00000000   Number         0  sys.o ABSOLUTE
    STM32F10x.s                              0x00000000   Number         0  stm32f10x.o ABSOLUTE
    dc.s                                     0x00000000   Number         0  dc.o ABSOLUTE
    modbus.c                                 0x00000000   Number         0  modbus.o ABSOLUTE
    test.c                                   0x00000000   Number         0  test.o ABSOLUTE
    RESET                                    0x08000000   Section      236  stm32f10x.o(RESET)
    !!!main                                  0x080000ec   Section        8  __main.o(!!!main)
    !!!scatter                               0x080000f4   Section       52  __scatter.o(!!!scatter)
    !!handler_copy                           0x08000128   Section       26  __scatter_copy.o(!!handler_copy)
    !!handler_zi                             0x08000144   Section       28  __scatter_zi.o(!!handler_zi)
    .ARM.Collect$$libinit$$00000000          0x08000160   Section        2  libinit.o(.ARM.Collect$$libinit$$00000000)
    .ARM.Collect$$libinit$$00000002          0x08000162   Section        0  libinit2.o(.ARM.Collect$$libinit$$00000002)
    .ARM.Collect$$libinit$$00000008          0x08000162   Section        0  libinit2.o(.ARM.Collect$$libinit$$00000008)
    .ARM.Collect$$libinit$$0000000A          0x08000162   Section        0  libinit2.o(.ARM.Collect$$libinit$$0000000A)
    .ARM.Collect$$libinit$$0000000C          0x08000162   Section        0  libinit2.o(.ARM.Collect$$libinit$$0000000C)
    .ARM.Collect$$libinit$$0000000F          0x08000162   Section        0  libinit2.o(.ARM.Collect$$libinit$$0000000F)
    .ARM.Collect$$libinit$$00000011          0x08000162   Section        0  libinit2.o(.ARM.Collect$$libinit$$00000011)
    .ARM.Collect$$libinit$$00000013          0x08000162   Section        0  libinit2.o(.ARM.Collect$$libinit$$00000013)
    .ARM.Collect$$libinit$$00000015          0x08000162   Section        0  libinit2.o(.ARM.Collect$$libinit$$00000015)
    .ARM.Collect$$libinit$$00000017          0x08000162   Section        0  libinit2.o(.ARM.Collect$$libinit$$00000017)
    .ARM.Collect$$libinit$$00000019          0x08000162   Section        0  libinit2.o(.ARM.Collect$$libinit$$00000019)
    .ARM.Collect$$libinit$$0000001B          0x08000162   Section        0  libinit2.o(.ARM.Collect$$libinit$$0000001B)
    .ARM.Collect$$libinit$$0000001D          0x08000162   Section        0  libinit2.o(.ARM.Collect$$libinit$$0000001D)
    .ARM.Collect$$libinit$$0000001F          0x08000162   Section        0  libinit2.o(.ARM.Collect$$libinit$$0000001F)
    .ARM.Collect$$libinit$$00000021          0x08000162   Section        0  libinit2.o(.ARM.Collect$$libinit$$00000021)
    .ARM.Collect$$libinit$$00000023          0x08000162   Section        0  libinit2.o(.ARM.Collect$$libinit$$00000023)
    .ARM.Collect$$libinit$$0000002A          0x08000162   Section        0  libinit2.o(.ARM.Collect$$libinit$$0000002A)
    .ARM.Collect$$libinit$$0000002C          0x08000162   Section        0  libinit2.o(.ARM.Collect$$libinit$$0000002C)
    .ARM.Collect$$libinit$$0000002E          0x08000162   Section        0  libinit2.o(.ARM.Collect$$libinit$$0000002E)
    .ARM.Collect$$libinit$$00000030          0x08000162   Section        0  libinit2.o(.ARM.Collect$$libinit$$00000030)
    .ARM.Collect$$libinit$$00000031          0x08000162   Section        2  libinit2.o(.ARM.Collect$$libinit$$00000031)
    .ARM.Collect$$libshutdown$$00000000      0x08000164   Section        2  libshutdown.o(.ARM.Collect$$libshutdown$$00000000)
    .ARM.Collect$$libshutdown$$00000003      0x08000166   Section        0  libshutdown2.o(.ARM.Collect$$libshutdown$$00000003)
    .ARM.Collect$$libshutdown$$00000006      0x08000166   Section        0  libshutdown2.o(.ARM.Collect$$libshutdown$$00000006)
    .ARM.Collect$$libshutdown$$00000009      0x08000166   Section        0  libshutdown2.o(.ARM.Collect$$libshutdown$$00000009)
    .ARM.Collect$$libshutdown$$0000000B      0x08000166   Section        0  libshutdown2.o(.ARM.Collect$$libshutdown$$0000000B)
    .ARM.Collect$$libshutdown$$0000000E      0x08000166   Section        0  libshutdown2.o(.ARM.Collect$$libshutdown$$0000000E)
    .ARM.Collect$$libshutdown$$0000000F      0x08000166   Section        2  libshutdown2.o(.ARM.Collect$$libshutdown$$0000000F)
    .ARM.Collect$$rtentry$$00000000          0x08000168   Section        0  rtentry.o(.ARM.Collect$$rtentry$$00000000)
    .ARM.Collect$$rtentry$$00000002          0x08000168   Section        0  rtentry2.o(.ARM.Collect$$rtentry$$00000002)
    .ARM.Collect$$rtentry$$00000004          0x08000168   Section        6  rtentry4.o(.ARM.Collect$$rtentry$$00000004)
    .ARM.Collect$$rtentry$$00000009          0x0800016e   Section        0  rtentry2.o(.ARM.Collect$$rtentry$$00000009)
    .ARM.Collect$$rtentry$$0000000A          0x0800016e   Section        4  rtentry2.o(.ARM.Collect$$rtentry$$0000000A)
    .ARM.Collect$$rtentry$$0000000C          0x08000172   Section        0  rtentry2.o(.ARM.Collect$$rtentry$$0000000C)
    .ARM.Collect$$rtentry$$0000000D          0x08000172   Section        8  rtentry2.o(.ARM.Collect$$rtentry$$0000000D)
    .ARM.Collect$$rtexit$$00000000           0x0800017a   Section        2  rtexit.o(.ARM.Collect$$rtexit$$00000000)
    .ARM.Collect$$rtexit$$00000002           0x0800017c   Section        0  rtexit2.o(.ARM.Collect$$rtexit$$00000002)
    .ARM.Collect$$rtexit$$00000003           0x0800017c   Section        4  rtexit2.o(.ARM.Collect$$rtexit$$00000003)
    .ARM.Collect$$rtexit$$00000004           0x08000180   Section        6  rtexit2.o(.ARM.Collect$$rtexit$$00000004)
    .emb_text                                0x08000188   Section        2  sys.o(.emb_text)
    .text                                    0x0800018c   Section       52  stm32f10x.o(.text)
    .text                                    0x080001c0   Section        0  test.o(.text)
    .text                                    0x080001ec   Section        0  modbus.o(.text)
    .text                                    0x08000508   Section        0  delay.o(.text)
    .text                                    0x080005b4   Section        0  sys.o(.text)
    .text                                    0x0800089c   Section        0  usart.o(.text)
    .text                                    0x08000a00   Section        0  led.o(.text)
    .text                                    0x08000a70   Section        0  wdg.o(.text)
    .text                                    0x08000b64   Section        0  timer.o(.text)
    .text                                    0x08000c8c   Section        0  rtc.o(.text)
    .text                                    0x08001218   Section        0  wkup.o(.text)
    .text                                    0x080012ec   Section        0  adc.o(.text)
    .text                                    0x08001470   Section        2  use_no_semi_2.o(.text)
    .text                                    0x08001472   Section        0  heapauxi.o(.text)
    .text                                    0x08001478   Section        2  use_no_semi.o(.text)
    .text                                    0x0800147a   Section       74  sys_stackheap_outer.o(.text)
    .text                                    0x080014c4   Section        0  exit.o(.text)
    .text                                    0x080014d0   Section        8  libspace.o(.text)
    x$fpl$dfixu                              0x080014d8   Section       90  dfixu.o(x$fpl$dfixu)
    x$fpl$dfltu                              0x08001532   Section       38  dflt_clz.o(x$fpl$dfltu)
    x$fpl$dmul                               0x08001558   Section      340  dmul.o(x$fpl$dmul)
    x$fpl$dnaninf                            0x080016ac   Section      156  dnaninf.o(x$fpl$dnaninf)
    x$fpl$dretinf                            0x08001748   Section       12  dretinf.o(x$fpl$dretinf)
    x$fpl$fadd                               0x08001754   Section      196  faddsub_clz.o(x$fpl$fadd)
    _fadd1                                   0x08001763   Thumb Code     0  faddsub_clz.o(x$fpl$fadd)
    x$fpl$fdiv                               0x08001818   Section      388  fdiv.o(x$fpl$fdiv)
    _fdiv1                                   0x08001819   Thumb Code     0  fdiv.o(x$fpl$fdiv)
    x$fpl$ffixu                              0x0800199c   Section       62  ffixu.o(x$fpl$ffixu)
    x$fpl$ffltu                              0x080019dc   Section       38  fflt_clz.o(x$fpl$ffltu)
    x$fpl$fmul                               0x08001a04   Section      258  fmul.o(x$fpl$fmul)
    x$fpl$fnaninf                            0x08001b06   Section      140  fnaninf.o(x$fpl$fnaninf)
    x$fpl$fretinf                            0x08001b92   Section       10  fretinf.o(x$fpl$fretinf)
    x$fpl$frsb                               0x08001b9c   Section       20  faddsub_clz.o(x$fpl$frsb)
    x$fpl$fsub                               0x08001bb0   Section      234  faddsub_clz.o(x$fpl$fsub)
    _fsub1                                   0x08001bbf   Thumb Code     0  faddsub_clz.o(x$fpl$fsub)
    .constdata                               0x08001c9a   Section       60  rtc.o(.constdata)
    x$fpl$usenofp                            0x08001c9a   Section        0  usenofp.o(x$fpl$usenofp)
    .data                                    0x20000000   Section        6  modbus.o(.data)
    .data                                    0x20000006   Section        4  delay.o(.data)
    fac_us                                   0x20000006   Data           1  delay.o(.data)
    fac_ms                                   0x20000008   Data           2  delay.o(.data)
    .data                                    0x2000000a   Section        1  wdg.o(.data)
    .data                                    0x2000000c   Section       12  rtc.o(.data)
    daycnt                                   0x2000000c   Data           2  rtc.o(.data)
    .bss                                     0x20000018   Section      116  modbus.o(.bss)
    .bss                                     0x2000008c   Section      100  usart.o(.bss)
    .bss                                     0x200000f0   Section       10  rtc.o(.bss)
    .bss                                     0x200000fc   Section       96  libspace.o(.bss)
    HEAP                                     0x20000160   Section        0  stm32f10x.o(HEAP)
    STACK                                    0x20000160   Section      512  stm32f10x.o(STACK)
    Heap_Mem                                 0x20000160   Data           0  stm32f10x.o(HEAP)
    Stack_Mem                                0x20000160   Data         512  stm32f10x.o(STACK)
    __initial_sp                             0x20000360   Data           0  stm32f10x.o(STACK)

    Global Symbols

    Symbol Name                              Value     Ov Type        Size  Object(Section)

    BuildAttributes$$THM_ISAv4$P$D$K$B$S$PE$A:L22UL41UL21$X:L11$S22US41US21$IEEE1$IW$USESV6$~STKCKD$USESV7$~SHL$OSPACE$ROPI$EBA8$UX$STANDARDLIB$REQ8$PRES8$EABIv2 0x00000000   Number         0  anon$$obj.o ABSOLUTE
    __ARM_use_no_argv                        0x00000000   Number         0  test.o ABSOLUTE
    __ARM_exceptions_init                     - Undefined Weak Reference
    __alloca_initialize                       - Undefined Weak Reference
    __cpp_initialize__aeabi_                  - Undefined Weak Reference
    __cxa_finalize                            - Undefined Weak Reference
    __rt_locale                               - Undefined Weak Reference
    __sigvec_lookup                           - Undefined Weak Reference
    _atexit_init                              - Undefined Weak Reference
    _call_atexit_fns                          - Undefined Weak Reference
    _clock_init                               - Undefined Weak Reference
    _fp_trap_init                             - Undefined Weak Reference
    _fp_trap_shutdown                         - Undefined Weak Reference
    _get_lc_collate                           - Undefined Weak Reference
    _get_lc_ctype                             - Undefined Weak Reference
    _get_lc_monetary                          - Undefined Weak Reference
    _get_lc_numeric                           - Undefined Weak Reference
    _get_lc_time                              - Undefined Weak Reference
    _getenv_init                              - Undefined Weak Reference
    _handle_redirection                       - Undefined Weak Reference
    _init_alloc                               - Undefined Weak Reference
    _init_user_alloc                          - Undefined Weak Reference
    _initio                                   - Undefined Weak Reference
    _mutex_acquire                            - Undefined Weak Reference
    _mutex_release                            - Undefined Weak Reference
    _printf_post_padding                      - Undefined Weak Reference
    _printf_pre_padding                       - Undefined Weak Reference
    _printf_truncate_unsigned                 - Undefined Weak Reference
    _rand_init                                - Undefined Weak Reference
    _signal_finish                            - Undefined Weak Reference
    _signal_init                              - Undefined Weak Reference
    _terminate_alloc                          - Undefined Weak Reference
    _terminate_user_alloc                     - Undefined Weak Reference
    _terminateio                              - Undefined Weak Reference
    __Vectors                                0x08000000   Data           4  stm32f10x.o(RESET)
    __main                                   0x080000ed   Thumb Code     8  __main.o(!!!main)
    __scatterload                            0x080000f5   Thumb Code     0  __scatter.o(!!!scatter)
    __scatterload_rt2                        0x080000f5   Thumb Code    44  __scatter.o(!!!scatter)
    __scatterload_rt2_thumb_only             0x080000f5   Thumb Code     0  __scatter.o(!!!scatter)
    __scatterload_null                       0x08000103   Thumb Code     0  __scatter.o(!!!scatter)
    __scatterload_copy                       0x08000129   Thumb Code    26  __scatter_copy.o(!!handler_copy)
    __scatterload_zeroinit                   0x08000145   Thumb Code    28  __scatter_zi.o(!!handler_zi)
    __rt_lib_init                            0x08000161   Thumb Code     0  libinit.o(.ARM.Collect$$libinit$$00000000)
    __rt_lib_init_alloca_1                   0x08000163   Thumb Code     0  libinit2.o(.ARM.Collect$$libinit$$0000002C)
    __rt_lib_init_argv_1                     0x08000163   Thumb Code     0  libinit2.o(.ARM.Collect$$libinit$$0000002A)
    __rt_lib_init_atexit_1                   0x08000163   Thumb Code     0  libinit2.o(.ARM.Collect$$libinit$$00000019)
    __rt_lib_init_clock_1                    0x08000163   Thumb Code     0  libinit2.o(.ARM.Collect$$libinit$$0000001F)
    __rt_lib_init_cpp_1                      0x08000163   Thumb Code     0  libinit2.o(.ARM.Collect$$libinit$$00000030)
    __rt_lib_init_exceptions_1               0x08000163   Thumb Code     0  libinit2.o(.ARM.Collect$$libinit$$0000002E)
    __rt_lib_init_fp_1                       0x08000163   Thumb Code     0  libinit2.o(.ARM.Collect$$libinit$$00000002)
    __rt_lib_init_fp_trap_1                  0x08000163   Thumb Code     0  libinit2.o(.ARM.Collect$$libinit$$0000001D)
    __rt_lib_init_getenv_1                   0x08000163   Thumb Code     0  libinit2.o(.ARM.Collect$$libinit$$00000021)
    __rt_lib_init_heap_1                     0x08000163   Thumb Code     0  libinit2.o(.ARM.Collect$$libinit$$00000008)
    __rt_lib_init_lc_collate_1               0x08000163   Thumb Code     0  libinit2.o(.ARM.Collect$$libinit$$0000000F)
    __rt_lib_init_lc_ctype_1                 0x08000163   Thumb Code     0  libinit2.o(.ARM.Collect$$libinit$$00000011)
    __rt_lib_init_lc_monetary_1              0x08000163   Thumb Code     0  libinit2.o(.ARM.Collect$$libinit$$00000013)
    __rt_lib_init_lc_numeric_1               0x08000163   Thumb Code     0  libinit2.o(.ARM.Collect$$libinit$$00000015)
    __rt_lib_init_lc_time_1                  0x08000163   Thumb Code     0  libinit2.o(.ARM.Collect$$libinit$$00000017)
    __rt_lib_init_rand_1                     0x08000163   Thumb Code     0  libinit2.o(.ARM.Collect$$libinit$$0000000C)
    __rt_lib_init_return                     0x08000163   Thumb Code     0  libinit2.o(.ARM.Collect$$libinit$$00000031)
    __rt_lib_init_signal_1                   0x08000163   Thumb Code     0  libinit2.o(.ARM.Collect$$libinit$$0000001B)
    __rt_lib_init_stdio_1                    0x08000163   Thumb Code     0  libinit2.o(.ARM.Collect$$libinit$$00000023)
    __rt_lib_init_user_alloc_1               0x08000163   Thumb Code     0  libinit2.o(.ARM.Collect$$libinit$$0000000A)
    __rt_lib_shutdown                        0x08000165   Thumb Code     0  libshutdown.o(.ARM.Collect$$libshutdown$$00000000)
    __rt_lib_shutdown_fp_trap_1              0x08000167   Thumb Code     0  libshutdown2.o(.ARM.Collect$$libshutdown$$00000006)
    __rt_lib_shutdown_heap_1                 0x08000167   Thumb Code     0  libshutdown2.o(.ARM.Collect$$libshutdown$$0000000E)
    __rt_lib_shutdown_return                 0x08000167   Thumb Code     0  libshutdown2.o(.ARM.Collect$$libshutdown$$0000000F)
    __rt_lib_shutdown_signal_1               0x08000167   Thumb Code     0  libshutdown2.o(.ARM.Collect$$libshutdown$$00000009)
    __rt_lib_shutdown_stdio_1                0x08000167   Thumb Code     0  libshutdown2.o(.ARM.Collect$$libshutdown$$00000003)
    __rt_lib_shutdown_user_alloc_1           0x08000167   Thumb Code     0  libshutdown2.o(.ARM.Collect$$libshutdown$$0000000B)
    __rt_entry                               0x08000169   Thumb Code     0  rtentry.o(.ARM.Collect$$rtentry$$00000000)
    __rt_entry_presh_1                       0x08000169   Thumb Code     0  rtentry2.o(.ARM.Collect$$rtentry$$00000002)
    __rt_entry_sh                            0x08000169   Thumb Code     0  rtentry4.o(.ARM.Collect$$rtentry$$00000004)
    __rt_entry_li                            0x0800016f   Thumb Code     0  rtentry2.o(.ARM.Collect$$rtentry$$0000000A)
    __rt_entry_postsh_1                      0x0800016f   Thumb Code     0  rtentry2.o(.ARM.Collect$$rtentry$$00000009)
    __rt_entry_main                          0x08000173   Thumb Code     0  rtentry2.o(.ARM.Collect$$rtentry$$0000000D)
    __rt_entry_postli_1                      0x08000173   Thumb Code     0  rtentry2.o(.ARM.Collect$$rtentry$$0000000C)
    __rt_exit                                0x0800017b   Thumb Code     0  rtexit.o(.ARM.Collect$$rtexit$$00000000)
    __rt_exit_ls                             0x0800017d   Thumb Code     0  rtexit2.o(.ARM.Collect$$rtexit$$00000003)
    __rt_exit_prels_1                        0x0800017d   Thumb Code     0  rtexit2.o(.ARM.Collect$$rtexit$$00000002)
    __rt_exit_exit                           0x08000181   Thumb Code     0  rtexit2.o(.ARM.Collect$$rtexit$$00000004)
    WFI_SET                                  0x08000189   Thumb Code     2  sys.o(.emb_text)
    Reset_Handler                            0x0800018d   Thumb Code     4  stm32f10x.o(.text)
    NMI_Handler                              0x08000191   Thumb Code     2  stm32f10x.o(.text)
    HardFault_Handler                        0x08000193   Thumb Code     2  stm32f10x.o(.text)
    MemManage_Handler                        0x08000195   Thumb Code     2  stm32f10x.o(.text)
    BusFault_Handler                         0x08000197   Thumb Code     2  stm32f10x.o(.text)
    UsageFault_Handler                       0x08000199   Thumb Code     2  stm32f10x.o(.text)
    SVC_Handler                              0x0800019b   Thumb Code     2  stm32f10x.o(.text)
    DebugMon_Handler                         0x0800019d   Thumb Code     2  stm32f10x.o(.text)
    PendSV_Handler                           0x0800019f   Thumb Code     2  stm32f10x.o(.text)
    SysTick_Handler                          0x080001a1   Thumb Code     2  stm32f10x.o(.text)
    ADC_IRQHandler                           0x080001a3   Thumb Code     0  stm32f10x.o(.text)
    CAN_RX1_IRQHandler                       0x080001a3   Thumb Code     0  stm32f10x.o(.text)
    CAN_SCE_IRQHandler                       0x080001a3   Thumb Code     0  stm32f10x.o(.text)
    DMAChannel1_IRQHandler                   0x080001a3   Thumb Code     0  stm32f10x.o(.text)
    DMAChannel2_IRQHandler                   0x080001a3   Thumb Code     0  stm32f10x.o(.text)
    DMAChannel3_IRQHandler                   0x080001a3   Thumb Code     0  stm32f10x.o(.text)
    DMAChannel4_IRQHandler                   0x080001a3   Thumb Code     0  stm32f10x.o(.text)
    DMAChannel5_IRQHandler                   0x080001a3   Thumb Code     0  stm32f10x.o(.text)
    DMAChannel6_IRQHandler                   0x080001a3   Thumb Code     0  stm32f10x.o(.text)
    DMAChannel7_IRQHandler                   0x080001a3   Thumb Code     0  stm32f10x.o(.text)
    EXTI15_10_IRQHandler                     0x080001a3   Thumb Code     0  stm32f10x.o(.text)
    EXTI1_IRQHandler                         0x080001a3   Thumb Code     0  stm32f10x.o(.text)
    EXTI2_IRQHandler                         0x080001a3   Thumb Code     0  stm32f10x.o(.text)
    EXTI3_IRQHandler                         0x080001a3   Thumb Code     0  stm32f10x.o(.text)
    EXTI4_IRQHandler                         0x080001a3   Thumb Code     0  stm32f10x.o(.text)
    EXTI9_5_IRQHandler                       0x080001a3   Thumb Code     0  stm32f10x.o(.text)
    FLASH_IRQHandler                         0x080001a3   Thumb Code     0  stm32f10x.o(.text)
    I2C1_ER_IRQHandler                       0x080001a3   Thumb Code     0  stm32f10x.o(.text)
    I2C1_EV_IRQHandler                       0x080001a3   Thumb Code     0  stm32f10x.o(.text)
    I2C2_ER_IRQHandler                       0x080001a3   Thumb Code     0  stm32f10x.o(.text)
    I2C2_EV_IRQHandler                       0x080001a3   Thumb Code     0  stm32f10x.o(.text)
    PVD_IRQHandler                           0x080001a3   Thumb Code     0  stm32f10x.o(.text)
    RCC_IRQHandler                           0x080001a3   Thumb Code     0  stm32f10x.o(.text)
    RTCAlarm_IRQHandler                      0x080001a3   Thumb Code     0  stm32f10x.o(.text)
    SPI1_IRQHandler                          0x080001a3   Thumb Code     0  stm32f10x.o(.text)
    SPI2_IRQHandler                          0x080001a3   Thumb Code     0  stm32f10x.o(.text)
    TAMPER_IRQHandler                        0x080001a3   Thumb Code     0  stm32f10x.o(.text)
    TIM1_BRK_IRQHandler                      0x080001a3   Thumb Code     0  stm32f10x.o(.text)
    TIM1_CC_IRQHandler                       0x080001a3   Thumb Code     0  stm32f10x.o(.text)
    TIM1_TRG_COM_IRQHandler                  0x080001a3   Thumb Code     0  stm32f10x.o(.text)
    TIM1_UP_IRQHandler                       0x080001a3   Thumb Code     0  stm32f10x.o(.text)
    TIM2_IRQHandler                          0x080001a3   Thumb Code     0  stm32f10x.o(.text)
    TIM4_IRQHandler                          0x080001a3   Thumb Code     0  stm32f10x.o(.text)
    USART1_IRQHandler                        0x080001a3   Thumb Code     0  stm32f10x.o(.text)
    USART2_IRQHandler                        0x080001a3   Thumb Code     0  stm32f10x.o(.text)
    USBWakeUp_IRQHandler                     0x080001a3   Thumb Code     0  stm32f10x.o(.text)
    USB_HP_CAN_TX_IRQHandler                 0x080001a3   Thumb Code     0  stm32f10x.o(.text)
    USB_LP_CAN_RX0_IRQHandler                0x080001a3   Thumb Code     0  stm32f10x.o(.text)
    __user_initial_stackheap                 0x080001a5   Thumb Code     0  stm32f10x.o(.text)
    main                                     0x080001c1   Thumb Code    42  test.o(.text)
    MB_Init                                  0x080001ed   Thumb Code    76  modbus.o(.text)
    getCRC16                                 0x08000239   Thumb Code    62  modbus.o(.text)
    flush_revBuff                            0x08000277   Thumb Code    20  modbus.o(.text)
    flush_sendBuff                           0x0800028b   Thumb Code    20  modbus.o(.text)
    MB_Reply                                 0x0800029f   Thumb Code    58  modbus.o(.text)
    MB_Write_SingleReg                       0x080002d9   Thumb Code   130  modbus.o(.text)
    GetVonvertionValue                       0x0800035b   Thumb Code    64  modbus.o(.text)
    MB_Read_MutiReg                          0x0800039b   Thumb Code   182  modbus.o(.text)
    MB_Poll                                  0x08000451   Thumb Code   140  modbus.o(.text)
    delay_init                               0x08000509   Thumb Code    56  delay.o(.text)
    delay_ms                                 0x08000541   Thumb Code    54  delay.o(.text)
    delay_us                                 0x08000577   Thumb Code    54  delay.o(.text)
    MY_NVIC_SetVectorTable                   0x080005b5   Thumb Code    12  sys.o(.text)
    MY_NVIC_PriorityGroupConfig              0x080005c1   Thumb Code    36  sys.o(.text)
    MY_NVIC_Init                             0x080005e5   Thumb Code   156  sys.o(.text)
    Ex_NVIC_Config                           0x08000681   Thumb Code   146  sys.o(.text)
    MYRCC_DeInit                             0x08000713   Thumb Code    90  sys.o(.text)
    Sys_Standby                              0x0800076d   Thumb Code    68  sys.o(.text)
    Sys_Soft_Reset                           0x080007b1   Thumb Code    12  sys.o(.text)
    JTAG_Set                                 0x080007bd   Thumb Code    42  sys.o(.text)
    Stm32_Clock_Init                         0x080007e7   Thumb Code   130  sys.o(.text)
    _sys_exit                                0x0800089d   Thumb Code     6  usart.o(.text)
    fputc                                    0x080008a3   Thumb Code    22  usart.o(.text)
    USART3_IRQHandler                        0x080008b9   Thumb Code    68  usart.o(.text)
    uart_send_char                           0x080008fd   Thumb Code    20  usart.o(.text)
    uart_init                                0x08000911   Thumb Code   214  usart.o(.text)
    LED_Init                                 0x08000a01   Thumb Code   100  led.o(.text)
    IWDG_Init                                0x08000a71   Thumb Code    28  wdg.o(.text)
    IWDG_Feed                                0x08000a8d   Thumb Code    10  wdg.o(.text)
    WWDG_Init                                0x08000a97   Thumb Code   108  wdg.o(.text)
    WWDG_Set_Counter                         0x08000b03   Thumb Code    20  wdg.o(.text)
    WWDG_IRQHandler                          0x08000b17   Thumb Code    58  wdg.o(.text)
    TIM3_IRQHandler                          0x08000b65   Thumb Code    48  timer.o(.text)
    Timerx_Init                              0x08000b95   Thumb Code    82  timer.o(.text)
    PWM_Init                                 0x08000be7   Thumb Code   144  timer.o(.text)
    RTC_Get_Week                             0x08000c8d   Thumb Code   116  rtc.o(.text)
    Is_Leap_Year                             0x08000d01   Thumb Code    58  rtc.o(.text)
    RTC_Get                                  0x08000d3b   Thumb Code   242  rtc.o(.text)
    RTC_Set                                  0x08000e2d   Thumb Code   248  rtc.o(.text)
    str_cmpx                                 0x08000f25   Thumb Code    36  rtc.o(.text)
    Auto_Time_Set                            0x08000f49   Thumb Code   256  rtc.o(.text)
    RTC_Init                                 0x08001049   Thumb Code   388  rtc.o(.text)
    RTC_IRQHandler                           0x080011cd   Thumb Code    66  rtc.o(.text)
    Sys_Enter_Standby                        0x08001219   Thumb Code    20  wkup.o(.text)
    Check_WKUP                               0x0800122d   Thumb Code    72  wkup.o(.text)
    EXTI0_IRQHandler                         0x08001275   Thumb Code    20  wkup.o(.text)
    WKUP_Init                                0x08001289   Thumb Code    80  wkup.o(.text)
    Adc_Init                                 0x080012ed   Thumb Code   306  adc.o(.text)
    Get_Adc                                  0x0800141f   Thumb Code    66  adc.o(.text)
    __use_no_semihosting                     0x08001471   Thumb Code     2  use_no_semi_2.o(.text)
    __use_two_region_memory                  0x08001473   Thumb Code     2  heapauxi.o(.text)
    __rt_heap_escrow$2region                 0x08001475   Thumb Code     2  heapauxi.o(.text)
    __rt_heap_expand$2region                 0x08001477   Thumb Code     2  heapauxi.o(.text)
    __I$use$semihosting                      0x08001479   Thumb Code     0  use_no_semi.o(.text)
    __use_no_semihosting_swi                 0x08001479   Thumb Code     2  use_no_semi.o(.text)
    __user_setup_stackheap                   0x0800147b   Thumb Code    74  sys_stackheap_outer.o(.text)
    exit                                     0x080014c5   Thumb Code    12  exit.o(.text)
    __user_libspace                          0x080014d1   Thumb Code     8  libspace.o(.text)
    __user_perproc_libspace                  0x080014d1   Thumb Code     0  libspace.o(.text)
    __user_perthread_libspace                0x080014d1   Thumb Code     0  libspace.o(.text)
    __aeabi_d2uiz                            0x080014d9   Thumb Code     0  dfixu.o(x$fpl$dfixu)
    _dfixu                                   0x080014d9   Thumb Code    90  dfixu.o(x$fpl$dfixu)
    __aeabi_ui2d                             0x08001533   Thumb Code     0  dflt_clz.o(x$fpl$dfltu)
    _dfltu                                   0x08001533   Thumb Code    38  dflt_clz.o(x$fpl$dfltu)
    __aeabi_dmul                             0x08001559   Thumb Code     0  dmul.o(x$fpl$dmul)
    _dmul                                    0x08001559   Thumb Code   332  dmul.o(x$fpl$dmul)
    __fpl_dnaninf                            0x080016ad   Thumb Code   156  dnaninf.o(x$fpl$dnaninf)
    __fpl_dretinf                            0x08001749   Thumb Code    12  dretinf.o(x$fpl$dretinf)
    __aeabi_fadd                             0x08001755   Thumb Code     0  faddsub_clz.o(x$fpl$fadd)
    _fadd                                    0x08001755   Thumb Code   196  faddsub_clz.o(x$fpl$fadd)
    __aeabi_fdiv                             0x08001819   Thumb Code     0  fdiv.o(x$fpl$fdiv)
    _fdiv                                    0x08001819   Thumb Code   384  fdiv.o(x$fpl$fdiv)
    __aeabi_f2uiz                            0x0800199d   Thumb Code     0  ffixu.o(x$fpl$ffixu)
    _ffixu                                   0x0800199d   Thumb Code    62  ffixu.o(x$fpl$ffixu)
    __aeabi_ui2f                             0x080019dd   Thumb Code     0  fflt_clz.o(x$fpl$ffltu)
    _ffltu                                   0x080019dd   Thumb Code    38  fflt_clz.o(x$fpl$ffltu)
    __aeabi_fmul                             0x08001a05   Thumb Code     0  fmul.o(x$fpl$fmul)
    _fmul                                    0x08001a05   Thumb Code   258  fmul.o(x$fpl$fmul)
    __fpl_fnaninf                            0x08001b07   Thumb Code   140  fnaninf.o(x$fpl$fnaninf)
    __fpl_fretinf                            0x08001b93   Thumb Code    10  fretinf.o(x$fpl$fretinf)
    __aeabi_frsub                            0x08001b9d   Thumb Code     0  faddsub_clz.o(x$fpl$frsb)
    _frsb                                    0x08001b9d   Thumb Code    20  faddsub_clz.o(x$fpl$frsb)
    __aeabi_fsub                             0x08001bb1   Thumb Code     0  faddsub_clz.o(x$fpl$fsub)
    _fsub                                    0x08001bb1   Thumb Code   234  faddsub_clz.o(x$fpl$fsub)
    __I$use$fp                               0x08001c9a   Number         0  usenofp.o(x$fpl$usenofp)
    table_week                               0x08001c9a   Data          12  rtc.o(.constdata)
    mon_table                                0x08001ca6   Data          12  rtc.o(.constdata)
    Month_Tab                                0x08001cb2   Data          36  rtc.o(.constdata)
    Region$$Table$$Base                      0x08001cd8   Number         0  anon$$obj.o(Region$$Table)
    Region$$Table$$Limit                     0x08001cf8   Number         0  anon$$obj.o(Region$$Table)
    uart_rev_flag                            0x20000000   Data           1  modbus.o(.data)
    slave_id                                 0x20000001   Data           1  modbus.o(.data)
    uart_rev_count                           0x20000002   Data           2  modbus.o(.data)
    uart_send_count                          0x20000004   Data           2  modbus.o(.data)
    WWDG_CNT                                 0x2000000a   Data           1  wdg.o(.data)
    COMPILED_DATE                            0x20000010   Data           4  rtc.o(.data)
    COMPILED_TIME                            0x20000014   Data           4  rtc.o(.data)
    uart_send_buff                           0x20000018   Data         100  modbus.o(.bss)
    MB_Reg                                   0x2000007c   Data          16  modbus.o(.bss)
    uart_rev_buff                            0x2000008c   Data         100  usart.o(.bss)
    timer                                    0x200000f0   Data          10  rtc.o(.bss)
    __libspace_start                         0x200000fc   Data          96  libspace.o(.bss)
    __temporary_stack_top$libspace           0x2000015c   Data           0  libspace.o(.bss)



==============================================================================

Memory Map of the image

  Image Entry point : 0x080000ed

  Load Region LR_IROM1 (Base: 0x08000000, Size: 0x00001d10, Max: 0x00020000, ABSOLUTE)

    Execution Region ER_IROM1 (Base: 0x08000000, Size: 0x00001cf8, Max: 0x00020000, ABSOLUTE)

    Base Addr    Size         Type   Attr      Idx    E Section Name        Object

    0x08000000   0x000000ec   Data   RO            3    RESET               stm32f10x.o
    0x080000ec   0x00000008   Code   RO          371  * !!!main             c_w.l(__main.o)
    0x080000f4   0x00000034   Code   RO          579    !!!scatter          c_w.l(__scatter.o)
    0x08000128   0x0000001a   Code   RO          581    !!handler_copy      c_w.l(__scatter_copy.o)
    0x08000142   0x00000002   PAD
    0x08000144   0x0000001c   Code   RO          583    !!handler_zi        c_w.l(__scatter_zi.o)
    0x08000160   0x00000002   Code   RO          456    .ARM.Collect$$libinit$$00000000  c_w.l(libinit.o)
    0x08000162   0x00000000   Code   RO          463    .ARM.Collect$$libinit$$00000002  c_w.l(libinit2.o)
    0x08000162   0x00000000   Code   RO          466    .ARM.Collect$$libinit$$00000008  c_w.l(libinit2.o)
    0x08000162   0x00000000   Code   RO          468    .ARM.Collect$$libinit$$0000000A  c_w.l(libinit2.o)
    0x08000162   0x00000000   Code   RO          470    .ARM.Collect$$libinit$$0000000C  c_w.l(libinit2.o)
    0x08000162   0x00000000   Code   RO          473    .ARM.Collect$$libinit$$0000000F  c_w.l(libinit2.o)
    0x08000162   0x00000000   Code   RO          475    .ARM.Collect$$libinit$$00000011  c_w.l(libinit2.o)
    0x08000162   0x00000000   Code   RO          477    .ARM.Collect$$libinit$$00000013  c_w.l(libinit2.o)
    0x08000162   0x00000000   Code   RO          479    .ARM.Collect$$libinit$$00000015  c_w.l(libinit2.o)
    0x08000162   0x00000000   Code   RO          481    .ARM.Collect$$libinit$$00000017  c_w.l(libinit2.o)
    0x08000162   0x00000000   Code   RO          483    .ARM.Collect$$libinit$$00000019  c_w.l(libinit2.o)
    0x08000162   0x00000000   Code   RO          485    .ARM.Collect$$libinit$$0000001B  c_w.l(libinit2.o)
    0x08000162   0x00000000   Code   RO          487    .ARM.Collect$$libinit$$0000001D  c_w.l(libinit2.o)
    0x08000162   0x00000000   Code   RO          489    .ARM.Collect$$libinit$$0000001F  c_w.l(libinit2.o)
    0x08000162   0x00000000   Code   RO          491    .ARM.Collect$$libinit$$00000021  c_w.l(libinit2.o)
    0x08000162   0x00000000   Code   RO          493    .ARM.Collect$$libinit$$00000023  c_w.l(libinit2.o)
    0x08000162   0x00000000   Code   RO          497    .ARM.Collect$$libinit$$0000002A  c_w.l(libinit2.o)
    0x08000162   0x00000000   Code   RO          499    .ARM.Collect$$libinit$$0000002C  c_w.l(libinit2.o)
    0x08000162   0x00000000   Code   RO          501    .ARM.Collect$$libinit$$0000002E  c_w.l(libinit2.o)
    0x08000162   0x00000000   Code   RO          503    .ARM.Collect$$libinit$$00000030  c_w.l(libinit2.o)
    0x08000162   0x00000002   Code   RO          504    .ARM.Collect$$libinit$$00000031  c_w.l(libinit2.o)
    0x08000164   0x00000002   Code   RO          522    .ARM.Collect$$libshutdown$$00000000  c_w.l(libshutdown.o)
    0x08000166   0x00000000   Code   RO          533    .ARM.Collect$$libshutdown$$00000003  c_w.l(libshutdown2.o)
    0x08000166   0x00000000   Code   RO          536    .ARM.Collect$$libshutdown$$00000006  c_w.l(libshutdown2.o)
    0x08000166   0x00000000   Code   RO          539    .ARM.Collect$$libshutdown$$00000009  c_w.l(libshutdown2.o)
    0x08000166   0x00000000   Code   RO          541    .ARM.Collect$$libshutdown$$0000000B  c_w.l(libshutdown2.o)
    0x08000166   0x00000000   Code   RO          544    .ARM.Collect$$libshutdown$$0000000E  c_w.l(libshutdown2.o)
    0x08000166   0x00000002   Code   RO          545    .ARM.Collect$$libshutdown$$0000000F  c_w.l(libshutdown2.o)
    0x08000168   0x00000000   Code   RO          409    .ARM.Collect$$rtentry$$00000000  c_w.l(rtentry.o)
    0x08000168   0x00000000   Code   RO          425    .ARM.Collect$$rtentry$$00000002  c_w.l(rtentry2.o)
    0x08000168   0x00000006   Code   RO          437    .ARM.Collect$$rtentry$$00000004  c_w.l(rtentry4.o)
    0x0800016e   0x00000000   Code   RO          427    .ARM.Collect$$rtentry$$00000009  c_w.l(rtentry2.o)
    0x0800016e   0x00000004   Code   RO          428    .ARM.Collect$$rtentry$$0000000A  c_w.l(rtentry2.o)
    0x08000172   0x00000000   Code   RO          430    .ARM.Collect$$rtentry$$0000000C  c_w.l(rtentry2.o)
    0x08000172   0x00000008   Code   RO          431    .ARM.Collect$$rtentry$$0000000D  c_w.l(rtentry2.o)
    0x0800017a   0x00000002   Code   RO          460    .ARM.Collect$$rtexit$$00000000  c_w.l(rtexit.o)
    0x0800017c   0x00000000   Code   RO          506    .ARM.Collect$$rtexit$$00000002  c_w.l(rtexit2.o)
    0x0800017c   0x00000004   Code   RO          507    .ARM.Collect$$rtexit$$00000003  c_w.l(rtexit2.o)
    0x08000180   0x00000006   Code   RO          508    .ARM.Collect$$rtexit$$00000004  c_w.l(rtexit2.o)
    0x08000186   0x00000002   PAD
    0x08000188   0x00000002   Code   RO          135    .emb_text           sys.o
    0x0800018a   0x00000002   PAD
    0x0800018c   0x00000034   Code   RO            4    .text               stm32f10x.o
    0x080001c0   0x0000002a   Code   RO           10    .text               test.o
    0x080001ea   0x00000002   PAD
    0x080001ec   0x0000031c   Code   RO           86    .text               modbus.o
    0x08000508   0x000000ac   Code   RO          103    .text               delay.o
    0x080005b4   0x000002e8   Code   RO          136    .text               sys.o
    0x0800089c   0x00000164   Code   RO          154    .text               usart.o
    0x08000a00   0x00000070   Code   RO          175    .text               led.o
    0x08000a70   0x000000f4   Code   RO          206    .text               wdg.o
    0x08000b64   0x00000128   Code   RO          221    .text               timer.o
    0x08000c8c   0x0000058c   Code   RO          269    .text               rtc.o
    0x08001218   0x000000d4   Code   RO          289    .text               wkup.o
    0x080012ec   0x00000184   Code   RO          301    .text               adc.o
    0x08001470   0x00000002   Code   RO          318    .text               c_w.l(use_no_semi_2.o)
    0x08001472   0x00000006   Code   RO          369    .text               c_w.l(heapauxi.o)
    0x08001478   0x00000002   Code   RO          407    .text               c_w.l(use_no_semi.o)
    0x0800147a   0x0000004a   Code   RO          445    .text               c_w.l(sys_stackheap_outer.o)
    0x080014c4   0x0000000c   Code   RO          449    .text               c_w.l(exit.o)
    0x080014d0   0x00000008   Code   RO          457    .text               c_w.l(libspace.o)
    0x080014d8   0x0000005a   Code   RO          373    x$fpl$dfixu         fz_ws.l(dfixu.o)
    0x08001532   0x00000026   Code   RO          377    x$fpl$dfltu         fz_ws.l(dflt_clz.o)
    0x08001558   0x00000154   Code   RO          383    x$fpl$dmul          fz_ws.l(dmul.o)
    0x080016ac   0x0000009c   Code   RO          415    x$fpl$dnaninf       fz_ws.l(dnaninf.o)
    0x08001748   0x0000000c   Code   RO          417    x$fpl$dretinf       fz_ws.l(dretinf.o)
    0x08001754   0x000000c4   Code   RO          385    x$fpl$fadd          fz_ws.l(faddsub_clz.o)
    0x08001818   0x00000184   Code   RO          392    x$fpl$fdiv          fz_ws.l(fdiv.o)
    0x0800199c   0x0000003e   Code   RO          395    x$fpl$ffixu         fz_ws.l(ffixu.o)
    0x080019da   0x00000002   PAD
    0x080019dc   0x00000026   Code   RO          399    x$fpl$ffltu         fz_ws.l(fflt_clz.o)
    0x08001a02   0x00000002   PAD
    0x08001a04   0x00000102   Code   RO          405    x$fpl$fmul          fz_ws.l(fmul.o)
    0x08001b06   0x0000008c   Code   RO          419    x$fpl$fnaninf       fz_ws.l(fnaninf.o)
    0x08001b92   0x0000000a   Code   RO          421    x$fpl$fretinf       fz_ws.l(fretinf.o)
    0x08001b9c   0x00000014   Code   RO          386    x$fpl$frsb          fz_ws.l(faddsub_clz.o)
    0x08001bb0   0x000000ea   Code   RO          387    x$fpl$fsub          fz_ws.l(faddsub_clz.o)
    0x08001c9a   0x00000000   Code   RO          423    x$fpl$usenofp       fz_ws.l(usenofp.o)
    0x08001c9a   0x0000003c   Data   RO          271    .constdata          rtc.o
    0x08001cd6   0x00000002   PAD
    0x08001cd8   0x00000020   Data   RO          577    Region$$Table       anon$$obj.o


    Execution Region RW_IRAM1 (Base: 0x20000000, Size: 0x00000360, Max: 0x00005000, ABSOLUTE)

    Base Addr    Size         Type   Attr      Idx    E Section Name        Object

    0x20000000   0x00000006   Data   RW           88    .data               modbus.o
    0x20000006   0x00000004   Data   RW          104    .data               delay.o
    0x2000000a   0x00000001   Data   RW          207    .data               wdg.o
    0x2000000b   0x00000001   PAD
    0x2000000c   0x0000000c   Data   RW          272    .data               rtc.o
    0x20000018   0x00000074   Zero   RW           87    .bss                modbus.o
    0x2000008c   0x00000064   Zero   RW          155    .bss                usart.o
    0x200000f0   0x0000000a   Zero   RW          270    .bss                rtc.o
    0x200000fa   0x00000002   PAD
    0x200000fc   0x00000060   Zero   RW          458    .bss                c_w.l(libspace.o)
    0x2000015c   0x00000004   PAD
    0x20000160   0x00000000   Zero   RW            2    HEAP                stm32f10x.o
    0x20000160   0x00000200   Zero   RW            1    STACK               stm32f10x.o


==============================================================================

Image component sizes


      Code (inc. data)   RO Data    RW Data    ZI Data      Debug   Object Name

       388         16          0          0          0        679   adc.o
       172          8          0          4          0       2019   delay.o
       112         12          0          0          0        383   led.o
       796         44          0          6        116       3301   modbus.o
      1420         68         60         12         10       4174   rtc.o
        52         18        236          0        512        720   stm32f10x.o
       746         52          0          0          0       2579   sys.o
        42          0          0          0          0       2963   test.o
       296         22          0          0          0        871   timer.o
       356         26          0          0        100       3172   usart.o
       244         20          0          1          0       1364   wdg.o
       212         20          0          0          0        946   wkup.o

    ----------------------------------------------------------------------
      4840        306        330         24        740      23171   Object Totals
         0          0         32          0          0          0   (incl. Generated)
         4          0          2          1          2          0   (incl. Padding)

    ----------------------------------------------------------------------

      Code (inc. data)   RO Data    RW Data    ZI Data      Debug   Library Member Name

         8          0          0          0          0         68   __main.o
        52          8          0          0          0          0   __scatter.o
        26          0          0          0          0          0   __scatter_copy.o
        28          0          0          0          0          0   __scatter_zi.o
        12          0          0          0          0         72   exit.o
         6          0          0          0          0        152   heapauxi.o
         2          0          0          0          0          0   libinit.o
         2          0          0          0          0          0   libinit2.o
         2          0          0          0          0          0   libshutdown.o
         2          0          0          0          0          0   libshutdown2.o
         8          4          0          0         96         68   libspace.o
         0          0          0          0          0          0   rtentry.o
        12          0          0          0          0          0   rtentry2.o
         6          0          0          0          0          0   rtentry4.o
         2          0          0          0          0          0   rtexit.o
        10          0          0          0          0          0   rtexit2.o
        74          0          0          0          0         80   sys_stackheap_outer.o
         2          0          0          0          0         68   use_no_semi.o
         2          0          0          0          0         68   use_no_semi_2.o
        90          4          0          0          0         92   dfixu.o
        38          0          0          0          0         68   dflt_clz.o
       340         12          0          0          0        104   dmul.o
       156          4          0          0          0         92   dnaninf.o
        12          0          0          0          0         68   dretinf.o
       450          8          0          0          0        236   faddsub_clz.o
       388         76          0          0          0         96   fdiv.o
        62          4          0          0          0         84   ffixu.o
        38          0          0          0          0         68   fflt_clz.o
       258          4          0          0          0         84   fmul.o
       140          4          0          0          0         84   fnaninf.o
        10          0          0          0          0         68   fretinf.o
         0          0          0          0          0          0   usenofp.o

    ----------------------------------------------------------------------
      2246        128          0          0        100       1720   Library Totals
         8          0          0          0          4          0   (incl. Padding)

    ----------------------------------------------------------------------

      Code (inc. data)   RO Data    RW Data    ZI Data      Debug   Library Name

       256         12          0          0         96        576   c_w.l
      1982        116          0          0          0       1144   fz_ws.l

    ----------------------------------------------------------------------
      2246        128          0          0        100       1720   Library Totals

    ----------------------------------------------------------------------

==============================================================================


      Code (inc. data)   RO Data    RW Data    ZI Data      Debug   

      7086        434        330         24        840      22915   Grand Totals
      7086        434        330         24        840      22915   ELF Image Totals
      7086        434        330         24          0          0   ROM Totals

==============================================================================

    Total RO  Size (Code + RO Data)                 7416 (   7.24kB)
    Total RW  Size (RW Data + ZI Data)               864 (   0.84kB)
    Total ROM Size (Code + RO Data + RW Data)       7440 (   7.27kB)

==============================================================================

